Microchip MPLAB XC8 Compiler V2.20

Linker command line:

-W-3 --edf=C:\Program Files\Microchip\xc8\v2.20\pic\dat\en_msgs.txt -cn \
  -h+dist/default/production\AG_demo_Touch_Read2.X.production.sym \
  --cmf=dist/default/production\AG_demo_Touch_Read2.X.production.cmf -z \
  -Q16LF1509 -oC:\Users\user\AppData\Local\Temp\s6cg.2 \
  --defsym=__MPLAB_BUILD=1 \
  -Mdist/default/production/AG_demo_Touch_Read2.X.production.map -E1 \
  -ver=XC8 Compiler --acfsm=1493 -ASTACK=0211Fh-02137h -pstack=STACK \
  -ACODE=00h-07FFhx4 -ASTRCODE=00h-01FFFh -ASTRING=00h-0FFhx32 \
  -ACONST=00h-0FFhx32 -AENTRY=00h-0FFhx32 -ACOMMON=070h-07Fh \
  -ABANK0=020h-06Fh -ABANK1=0A0h-0EFh -ABANK2=0120h-016Fh \
  -ABANK3=01A0h-01EFh -ABANK4=0220h-026Fh -ABANK5=02A0h-02EFh \
  -ABANK6=0320h-032Fh -ABIGRAM=02000h-021EFh \
  -ARAM=020h-06Fh,0A0h-0EFh,0120h-016Fh,01A0h-01EFh,0220h-026Fh,02A0h-02EFh,0320h-032Fh \
  -AABS1=020h-07Fh,0A0h-0EFh,0120h-016Fh,01A0h-01EFh,0220h-026Fh,02A0h-02EFh,0320h-032Fh \
  -ASFR0=00h-01Fh -ASFR1=080h-09Fh -ASFR2=0100h-011Fh -ASFR3=0180h-019Fh \
  -ASFR4=0200h-021Fh -ASFR5=0280h-029Fh -ASFR6=0300h-031Fh \
  -ASFR7=0380h-03EFh -ASFR8=0400h-046Fh -ASFR9=0480h-04EFh \
  -ASFR10=0500h-056Fh -ASFR11=0580h-05EFh -ASFR12=0600h-066Fh \
  -ASFR13=0680h-06EFh -ASFR14=0700h-076Fh -ASFR15=0780h-07EFh \
  -ASFR16=0800h-086Fh -ASFR17=0880h-08EFh -ASFR18=0900h-096Fh \
  -ASFR19=0980h-09EFh -ASFR20=0A00h-0A6Fh -ASFR21=0A80h-0AEFh \
  -ASFR22=0B00h-0B6Fh -ASFR23=0B80h-0BEFh -ASFR24=0C00h-0C6Fh \
  -ASFR25=0C80h-0CEFh -ASFR26=0D00h-0D6Fh -ASFR27=0D80h-0DEFh \
  -ASFR28=0E00h-0E6Fh -ASFR29=0E80h-0EEFh -ASFR30=0F00h-0F6Fh \
  -ASFR31=0F80h-0FEFh -ACONFIG=08007h-08008h -DCONFIG=2 \
  -AIDLOC=08000h-08003h -DIDLOC=2 \
  -preset_vec=00h,intentry=04h,init,end_init -ppowerup=CODE -pcinit=CODE \
  -pfunctab=ENTRY -DCODE=2 -DSTRCODE=2 -DSTRING=2 -DCONST=2 -DENTRY=2 -k \
  C:\Users\user\AppData\Local\Temp\s6cg.o \
  dist/default/production\AG_demo_Touch_Read2.X.production.o 

Object code version is 3.11

Machine type is 16LF1509



                Name                               Link     Load   Length Selector   Space Scale
C:\Users\user\AppData\Local\Temp\s6cg.o
                end_init                             1C       1C        2        8       0
                reset_vec                             0        0        2        0       0
                config                             8007     8007        2        0       4
dist/default/production\AG_demo_Touch_Read2.X.production.o
                cinit                                1E       1E       3F        8       0
                intentry                              4        4       18        8       0
                config                             8007     8007        2        0       4
                text135                            1047     1047        1     208E       0
                text134                            10A7     10A7        B     214E       0
                text133                            1114     1114        F     2228       0
                text132                            10C8     10C8        C     2190       0
                text131                            13C4     13C4       13     2788       0
                text130                            1583     1583       1C     2B06       0
                text129                            1123     1123        F     2246       0
                text128                            1132     1132        F     2264       0
                text127                            1141     1141        F     2282       0
                text126                            1150     1150        F     22A0       0
                text125                            115F     115F        F     22BE       0
                text124                            116E     116E        F     22DC       0
                text123                            117D     117D        F     22FA       0
                text122                            1414     1414       17     2828       0
                text121                            118C     118C        F     2318       0
                text120                            142B     142B       17     2856       0
                text119                            119B     119B        F     2336       0
                text118                            128B     128B       10     2516       0
                text117                            11AA     11AA        F     2354       0
                text116                            129B     129B       10     2536       0
                text115                            12FE     12FE       12     25FC       0
                text114                            11B9     11B9        F     2372       0
                text113                            1470     1470       18     28E0       0
                text112                            1310     1310       12     2620       0
                text111                            11C8     11C8        F     2390       0
                text110                            1488     1488       18     2910       0
                text109                            11D7     11D7        F     23AE       0
                text108                            11E6     11E6        F     23CC       0
                text107                            11F5     11F5        F     23EA       0
                text106                            1204     1204        F     2408       0
                text105                            1213     1213        F     2426       0
                text104                            1222     1222        F     2444       0
                text103                            1231     1231        F     2462       0
                text102                            1442     1442       17     2884       0
                text101                            1240     1240        F     2480       0
                text100                            1459     1459       17     28B2       0
                text99                             124F     124F        F     249E       0
                text98                             12AB     12AB       10     2556       0
                text97                             125E     125E        F     24BC       0
                text96                             12BB     12BB       10     2576       0
                text95                             1322     1322       12     2644       0
                text94                             126D     126D        F     24DA       0
                text93                             14A0     14A0       18     2940       0
                text92                             1334     1334       12     2668       0
                text91                             127C     127C        F     24F8       0
                text90                             14B8     14B8       18     2970       0
                text89                             1534     1534       1A     2A68       0
                text88                                2        2        2        0       0
                text87                             159F     159F       1C     2B3E       0
                text86                             17C8     17C8       38     2F90       0
                text85                              9CC      9CC       6D     1398       0
                text84                             14D0     14D0       19     29A0       0
                text83                             10E0     10E0        D     21C0       0
                text82                             16F7     16F7       25     2DEE       0
                text81                             10ED     10ED        D     21DA       0
                text80                              784      784       7A        8       0
                text79                             1048     1048        1     2090       0
                text78                              3FA      3FA      1F1        8       0
                text77                             10B2     10B2        B     2164       0
                text76                             105B     105B        4     20B6       0
                text74                             12CB     12CB       11     2596       0
                text73                             1346     1346       12     268C       0
                text72                             1358     1358       12     26B0       0
                text71                              D85      D85       95     1B0A       0
                text70                             14E9     14E9       19     29D2       0
                text69                              845      845       3D     108A       0
                text68                             104C     104C        3     2098       0
                text67                              AA6      AA6       70     154C       0
                text66                              B16      B16       72     162C       0
                text65                             1089     1089        A     2112       0
                text64                              80B      80B       3A     1016       0
                text63                              8C2      8C2       4E     1184       0
                text62                             10FA     10FA        D     21F4       0
                text61                              5EB      5EB       D5        8       0
                text60                             16B1     16B1       23     2D62       0
                text59                             13EA     13EA       15     27D4       0
                text58                             1093     1093        A     2126       0
                text57                             10BD     10BD        B     217A       0
                text56                             136A     136A       12     26D4       0
                text55                             137C     137C       12     26F8       0
                text54                             12DC     12DC       11     25B8       0
                text53                             1568     1568       1B     2AD0       0
                text52                              E1A      E1A       A0     1C34       0
                text51                             162D     162D       20     2C5A       0
                text50                              A39      A39       6D     1472       0
                text49                             15BB     15BB       1C     2B76       0
                text48                              800      800        B     1000       0
                text47                             1079     1079        8     20F2       0
                text46                             179A     179A       2E     2F34       0
                text45                             1107     1107        D     220E       0
                text44                             104F     104F        3     209E       0
                text43                             160F     160F       1E     2C1E       0
                text42                              B88      B88       73     1710       0
                text41                             1052     1052        3     20A4       0
                text40                             138E     138E       12     271C       0
                text39                              F5A      F5A       A6     1EB4       0
                text38                             13D7     13D7       13     27AE       0
                text37                              C74      C74       83     18E8       0
                text36                             12ED     12ED       11     25DA       0
                text35                              EBA      EBA       A0     1D74       0
                text34                              CF7      CF7       8E     19EE       0
                text33                             1745     1745       2A     2E8A       0
                text32                              6C0      6C0       C4        8       0
                text31                               5D       5D      39D        8       0
                text30                             15D7     15D7       1C     2BAE       0
                text29                             1049     1049        1     2092       0
                text28                             16D4     16D4       23     2DA8       0
                text27                             168F     168F       22     2D1E       0
                text26                             104A     104A        1     2094       0
                text25                             104B     104B        1     2096       0
                text24                             171C     171C       29     2E38       0
                text23                             15F3     15F3       1C     2BE6       0
                text22                             164D     164D       21     2C9A       0
                text21                             166E     166E       21     2CDC       0
                text20                             1055     1055        3     20AA       0
                text19                             1058     1058        3     20B0       0
                text18                             1063     1063        5     20C6       0
                text17                             1068     1068        5     20D0       0
                text16                             176F     176F       2B     2EDE       0
                text15                              882      882       40     1104       0
                text14                              BFB      BFB       79     17F6       0
                text13                             13A0     13A0       12     2740       0
                text12                              910      910       56     1220       0
                text11                             106D     106D        6     20DA       0
                text10                             1073     1073        6     20E6       0
                text9                              1502     1502       19     2A04       0
                text8                              109D     109D        A     213A       0
                text7                              1081     1081        8     2102       0
                text6                              154E     154E       1A     2A9C       0
                text5                              13B2     13B2       12     2764       0
                text4                              105F     105F        4     20BE       0
                text3                              13FF     13FF       15     27FE       0
                text2                              151B     151B       19     2A36       0
                text1                               7FE      7FE        2        8       0
                maintext                            966      966       66     12CC       0
                cstackBANK0                          20       20       2F       20       1
                cstackCOMMON                         75       75        5       70       1
                cstackBANK1                          EF       EF        1       A0       1
                cstackBANK2                         16E      16E        2      120       1
                cstackBANK3                         1CE      1CE        1      1A0       1
                clrtext                            10D4     10D4        C     21A8       0
                bssBANK3                            1A0      1A0       2E      1A0       1
                bssBANK2                            120      120       48      120       1
                bssBANK1                             A0       A0       4F       A0       1
                bssBANK0                             4F       4F       21       20       1
                bssCOMMON                            70       70        5       70       1
                nvBANK2                             168      168        6      120       1
                stringtext7                        185A     185A        4     3000       0
                stringtext6                        1856     1856        4     3000       0
                stringtext5                        1852     1852        4     3000       0
                stringtext4                        184E     184E        4     3000       0
                stringtext3                        1835     1835       19     3000       0
                stringtext2                        181C     181C       19     3000       0
                stringtext1                        1800     1800       1C     3000       0

TOTAL           Name                               Link     Load   Length     Space
        CLASS   STACK          

        CLASS   CODE           
                end_init                             1C       1C        2         0
                cinit                                1E       1E       3F         0
                intentry                              4        4       18         0
                reset_vec                             0        0        2         0
                text135                            1047     1047        1         0
                text134                            10A7     10A7        B         0
                text133                            1114     1114        F         0
                text132                            10C8     10C8        C         0
                text131                            13C4     13C4       13         0
                text130                            1583     1583       1C         0
                text129                            1123     1123        F         0
                text128                            1132     1132        F         0
                text127                            1141     1141        F         0
                text126                            1150     1150        F         0
                text125                            115F     115F        F         0
                text124                            116E     116E        F         0
                text123                            117D     117D        F         0
                text122                            1414     1414       17         0
                text121                            118C     118C        F         0
                text120                            142B     142B       17         0
                text119                            119B     119B        F         0
                text118                            128B     128B       10         0
                text117                            11AA     11AA        F         0
                text116                            129B     129B       10         0
                text115                            12FE     12FE       12         0
                text114                            11B9     11B9        F         0
                text113                            1470     1470       18         0
                text112                            1310     1310       12         0
                text111                            11C8     11C8        F         0
                text110                            1488     1488       18         0
                text109                            11D7     11D7        F         0
                text108                            11E6     11E6        F         0
                text107                            11F5     11F5        F         0
                text106                            1204     1204        F         0
                text105                            1213     1213        F         0
                text104                            1222     1222        F         0
                text103                            1231     1231        F         0
                text102                            1442     1442       17         0
                text101                            1240     1240        F         0
                text100                            1459     1459       17         0
                text99                             124F     124F        F         0
                text98                             12AB     12AB       10         0
                text97                             125E     125E        F         0
                text96                             12BB     12BB       10         0
                text95                             1322     1322       12         0
                text94                             126D     126D        F         0
                text93                             14A0     14A0       18         0
                text92                             1334     1334       12         0
                text91                             127C     127C        F         0
                text90                             14B8     14B8       18         0
                text89                             1534     1534       1A         0
                text88                                2        2        2         0
                text87                             159F     159F       1C         0
                text86                             17C8     17C8       38         0
                text85                              9CC      9CC       6D         0
                text84                             14D0     14D0       19         0
                text83                             10E0     10E0        D         0
                text82                             16F7     16F7       25         0
                text81                             10ED     10ED        D         0
                text80                              784      784       7A         0
                text79                             1048     1048        1         0
                text78                              3FA      3FA      1F1         0
                text77                             10B2     10B2        B         0
                text76                             105B     105B        4         0
                text74                             12CB     12CB       11         0
                text73                             1346     1346       12         0
                text72                             1358     1358       12         0
                text71                              D85      D85       95         0
                text70                             14E9     14E9       19         0
                text69                              845      845       3D         0
                text68                             104C     104C        3         0
                text67                              AA6      AA6       70         0
                text66                              B16      B16       72         0
                text65                             1089     1089        A         0
                text64                              80B      80B       3A         0
                text63                              8C2      8C2       4E         0
                text62                             10FA     10FA        D         0
                text61                              5EB      5EB       D5         0
                text60                             16B1     16B1       23         0
                text59                             13EA     13EA       15         0
                text58                             1093     1093        A         0
                text57                             10BD     10BD        B         0
                text56                             136A     136A       12         0
                text55                             137C     137C       12         0
                text54                             12DC     12DC       11         0
                text53                             1568     1568       1B         0
                text52                              E1A      E1A       A0         0
                text51                             162D     162D       20         0
                text50                              A39      A39       6D         0
                text49                             15BB     15BB       1C         0
                text48                              800      800        B         0
                text47                             1079     1079        8         0
                text46                             179A     179A       2E         0
                text45                             1107     1107        D         0
                text44                             104F     104F        3         0
                text43                             160F     160F       1E         0
                text42                              B88      B88       73         0
                text41                             1052     1052        3         0
                text40                             138E     138E       12         0
                text39                              F5A      F5A       A6         0
                text38                             13D7     13D7       13         0
                text37                              C74      C74       83         0
                text36                             12ED     12ED       11         0
                text35                              EBA      EBA       A0         0
                text34                              CF7      CF7       8E         0
                text33                             1745     1745       2A         0
                text32                              6C0      6C0       C4         0
                text31                               5D       5D      39D         0
                text30                             15D7     15D7       1C         0
                text29                             1049     1049        1         0
                text28                             16D4     16D4       23         0
                text27                             168F     168F       22         0
                text26                             104A     104A        1         0
                text25                             104B     104B        1         0
                text24                             171C     171C       29         0
                text23                             15F3     15F3       1C         0
                text22                             164D     164D       21         0
                text21                             166E     166E       21         0
                text20                             1055     1055        3         0
                text19                             1058     1058        3         0
                text18                             1063     1063        5         0
                text17                             1068     1068        5         0
                text16                             176F     176F       2B         0
                text15                              882      882       40         0
                text14                              BFB      BFB       79         0
                text13                             13A0     13A0       12         0
                text12                              910      910       56         0
                text11                             106D     106D        6         0
                text10                             1073     1073        6         0
                text9                              1502     1502       19         0
                text8                              109D     109D        A         0
                text7                              1081     1081        8         0
                text6                              154E     154E       1A         0
                text5                              13B2     13B2       12         0
                text4                              105F     105F        4         0
                text3                              13FF     13FF       15         0
                text2                              151B     151B       19         0
                text1                               7FE      7FE        2         0
                maintext                            966      966       66         0
                clrtext                            10D4     10D4        C         0

        CLASS   STRCODE        
                stringtext7                        185A     185A        4         0
                stringtext6                        1856     1856        4         0
                stringtext5                        1852     1852        4         0
                stringtext4                        184E     184E        4         0
                stringtext3                        1835     1835       19         0
                stringtext2                        181C     181C       19         0
                stringtext1                        1800     1800       1C         0

        CLASS   STRING         

        CLASS   CONST          

        CLASS   ENTRY          

        CLASS   COMMON         
                cstackCOMMON                         75       75        5         1
                bssCOMMON                            70       70        5         1

        CLASS   BANK0          
                cstackBANK0                          20       20       2F         1
                bssBANK0                             4F       4F       21         1

        CLASS   BANK1          
                cstackBANK1                          EF       EF        1         1
                bssBANK1                             A0       A0       4F         1

        CLASS   BANK2          
                cstackBANK2                         16E      16E        2         1
                bssBANK2                            120      120       48         1
                nvBANK2                             168      168        6         1

        CLASS   BANK3          
                cstackBANK3                         1CE      1CE        1         1
                bssBANK3                            1A0      1A0       2E         1

        CLASS   BANK4          

        CLASS   BANK5          

        CLASS   BANK6          

        CLASS   BIGRAM         

        CLASS   RAM            

        CLASS   ABS1           
                abs_s1                               7E       7E        2         1
                abs_s1                              1E8      1E8        8         1
                abs_s1                              220      220       50         1
                abs_s1                              2A0      2A0       50         1
                abs_s1                              320      320       10         1
                abs_s1                             2138     2138        0         1
                abs_s1                             2194     2194        0         1

        CLASS   SFR0           

        CLASS   SFR1           

        CLASS   SFR2           

        CLASS   SFR3           

        CLASS   SFR4           

        CLASS   SFR5           

        CLASS   SFR6           

        CLASS   SFR7           

        CLASS   SFR8           

        CLASS   SFR9           

        CLASS   SFR10          

        CLASS   SFR11          

        CLASS   SFR12          

        CLASS   SFR13          

        CLASS   SFR14          

        CLASS   SFR15          

        CLASS   SFR16          

        CLASS   SFR17          

        CLASS   SFR18          

        CLASS   SFR19          

        CLASS   SFR20          

        CLASS   SFR21          

        CLASS   SFR22          

        CLASS   SFR23          

        CLASS   SFR24          

        CLASS   SFR25          

        CLASS   SFR26          

        CLASS   SFR27          

        CLASS   SFR28          

        CLASS   SFR29          

        CLASS   SFR30          

        CLASS   SFR31          

        CLASS   CONFIG         
                config                             8007     8007        2         4

        CLASS   IDLOC          

        CLASS   BANK31         

        CLASS   BANK30         

        CLASS   BANK29         

        CLASS   BANK28         

        CLASS   BANK27         

        CLASS   BANK26         

        CLASS   BANK25         

        CLASS   BANK24         

        CLASS   BANK23         

        CLASS   BANK22         

        CLASS   BANK21         

        CLASS   BANK20         

        CLASS   BANK19         

        CLASS   BANK18         

        CLASS   BANK17         

        CLASS   BANK16         

        CLASS   BANK15         

        CLASS   BANK14         

        CLASS   BANK13         

        CLASS   BANK12         

        CLASS   BANK11         

        CLASS   BANK10         

        CLASS   BANK9          

        CLASS   BANK8          

        CLASS   BANK7          

        CLASS   EEDATA         



SEGMENTS        Name                           Load    Length   Top    Selector   Space  Class     Delta

                reset_vec                      000000  000004  000004         0       0  CODE        2
                intentry                       000004  0007FC  000800         8       0  CODE        2
                cstackBANK0                    000020  000050  000070        20       1  BANK0       1
                bssCOMMON                      000070  00000A  00007A        70       1  COMMON      1
                bssBANK1                       0000A0  000050  0000F0        A0       1  BANK1       1
                bssBANK2                       000120  000050  000170       120       1  BANK2       1
                bssBANK3                       0001A0  00002F  0001CF       1A0       1  BANK3       1
                text48                         000800  00000B  00080B      1000       0  CODE        2
                text64                         00080B  00003A  000845      1016       0  CODE        2
                text69                         000845  00003D  000882      108A       0  CODE        2
                text15                         000882  000040  0008C2      1104       0  CODE        2
                text63                         0008C2  00004E  000910      1184       0  CODE        2
                text12                         000910  000056  000966      1220       0  CODE        2
                maintext                       000966  000066  0009CC      12CC       0  CODE        2
                text85                         0009CC  00006D  000A39      1398       0  CODE        2
                text50                         000A39  00006D  000AA6      1472       0  CODE        2
                text67                         000AA6  000070  000B16      154C       0  CODE        2
                text66                         000B16  000072  000B88      162C       0  CODE        2
                text42                         000B88  000073  000BFB      1710       0  CODE        2
                text14                         000BFB  000079  000C74      17F6       0  CODE        2
                text37                         000C74  000083  000CF7      18E8       0  CODE        2
                text34                         000CF7  00008E  000D85      19EE       0  CODE        2
                text71                         000D85  000095  000E1A      1B0A       0  CODE        2
                text52                         000E1A  0000A0  000EBA      1C34       0  CODE        2
                text35                         000EBA  0000A0  000F5A      1D74       0  CODE        2
                text39                         000F5A  0000A6  001000      1EB4       0  CODE        2
                text135                        001047  000001  001048      208E       0  CODE        2
                text79                         001048  000001  001049      2090       0  CODE        2
                text29                         001049  000001  00104A      2092       0  CODE        2
                text26                         00104A  000001  00104B      2094       0  CODE        2
                text25                         00104B  000001  00104C      2096       0  CODE        2
                text68                         00104C  000003  00104F      2098       0  CODE        2
                text44                         00104F  000003  001052      209E       0  CODE        2
                text41                         001052  000003  001055      20A4       0  CODE        2
                text20                         001055  000003  001058      20AA       0  CODE        2
                text19                         001058  000003  00105B      20B0       0  CODE        2
                text76                         00105B  000004  00105F      20B6       0  CODE        2
                text4                          00105F  000004  001063      20BE       0  CODE        2
                text18                         001063  000005  001068      20C6       0  CODE        2
                text17                         001068  000005  00106D      20D0       0  CODE        2
                text11                         00106D  000006  001073      20DA       0  CODE        2
                text10                         001073  000006  001079      20E6       0  CODE        2
                text47                         001079  000008  001081      20F2       0  CODE        2
                text7                          001081  000008  001089      2102       0  CODE        2
                text65                         001089  00000A  001093      2112       0  CODE        2
                text58                         001093  00000A  00109D      2126       0  CODE        2
                text8                          00109D  00000A  0010A7      213A       0  CODE        2
                text134                        0010A7  00000B  0010B2      214E       0  CODE        2
                text77                         0010B2  00000B  0010BD      2164       0  CODE        2
                text57                         0010BD  00000B  0010C8      217A       0  CODE        2
                text132                        0010C8  00000C  0010D4      2190       0  CODE        2
                clrtext                        0010D4  00000C  0010E0      21A8       0  CODE        2
                text83                         0010E0  00000D  0010ED      21C0       0  CODE        2
                text81                         0010ED  00000D  0010FA      21DA       0  CODE        2
                text62                         0010FA  00000D  001107      21F4       0  CODE        2
                text45                         001107  00000D  001114      220E       0  CODE        2
                text133                        001114  00000F  001123      2228       0  CODE        2
                text129                        001123  00000F  001132      2246       0  CODE        2
                text128                        001132  00000F  001141      2264       0  CODE        2
                text127                        001141  00000F  001150      2282       0  CODE        2
                text126                        001150  00000F  00115F      22A0       0  CODE        2
                text125                        00115F  00000F  00116E      22BE       0  CODE        2
                text124                        00116E  00000F  00117D      22DC       0  CODE        2
                text123                        00117D  00000F  00118C      22FA       0  CODE        2
                text121                        00118C  00000F  00119B      2318       0  CODE        2
                text119                        00119B  00000F  0011AA      2336       0  CODE        2
                text117                        0011AA  00000F  0011B9      2354       0  CODE        2
                text114                        0011B9  00000F  0011C8      2372       0  CODE        2
                text111                        0011C8  00000F  0011D7      2390       0  CODE        2
                text109                        0011D7  00000F  0011E6      23AE       0  CODE        2
                text108                        0011E6  00000F  0011F5      23CC       0  CODE        2
                text107                        0011F5  00000F  001204      23EA       0  CODE        2
                text106                        001204  00000F  001213      2408       0  CODE        2
                text105                        001213  00000F  001222      2426       0  CODE        2
                text104                        001222  00000F  001231      2444       0  CODE        2
                text103                        001231  00000F  001240      2462       0  CODE        2
                text101                        001240  00000F  00124F      2480       0  CODE        2
                text99                         00124F  00000F  00125E      249E       0  CODE        2
                text97                         00125E  00000F  00126D      24BC       0  CODE        2
                text94                         00126D  00000F  00127C      24DA       0  CODE        2
                text91                         00127C  00000F  00128B      24F8       0  CODE        2
                text118                        00128B  000010  00129B      2516       0  CODE        2
                text116                        00129B  000010  0012AB      2536       0  CODE        2
                text98                         0012AB  000010  0012BB      2556       0  CODE        2
                text96                         0012BB  000010  0012CB      2576       0  CODE        2
                text74                         0012CB  000011  0012DC      2596       0  CODE        2
                text54                         0012DC  000011  0012ED      25B8       0  CODE        2
                text36                         0012ED  000011  0012FE      25DA       0  CODE        2
                text115                        0012FE  000012  001310      25FC       0  CODE        2
                text112                        001310  000012  001322      2620       0  CODE        2
                text95                         001322  000012  001334      2644       0  CODE        2
                text92                         001334  000012  001346      2668       0  CODE        2
                text73                         001346  000012  001358      268C       0  CODE        2
                text72                         001358  000012  00136A      26B0       0  CODE        2
                text56                         00136A  000012  00137C      26D4       0  CODE        2
                text55                         00137C  000012  00138E      26F8       0  CODE        2
                text40                         00138E  000012  0013A0      271C       0  CODE        2
                text13                         0013A0  000012  0013B2      2740       0  CODE        2
                text5                          0013B2  000012  0013C4      2764       0  CODE        2
                text131                        0013C4  000013  0013D7      2788       0  CODE        2
                text38                         0013D7  000013  0013EA      27AE       0  CODE        2
                text59                         0013EA  000015  0013FF      27D4       0  CODE        2
                text3                          0013FF  000015  001414      27FE       0  CODE        2
                text122                        001414  000017  00142B      2828       0  CODE        2
                text120                        00142B  000017  001442      2856       0  CODE        2
                text102                        001442  000017  001459      2884       0  CODE        2
                text100                        001459  000017  001470      28B2       0  CODE        2
                text113                        001470  000018  001488      28E0       0  CODE        2
                text110                        001488  000018  0014A0      2910       0  CODE        2
                text93                         0014A0  000018  0014B8      2940       0  CODE        2
                text90                         0014B8  000018  0014D0      2970       0  CODE        2
                text84                         0014D0  000019  0014E9      29A0       0  CODE        2
                text70                         0014E9  000019  001502      29D2       0  CODE        2
                text9                          001502  000019  00151B      2A04       0  CODE        2
                text2                          00151B  000019  001534      2A36       0  CODE        2
                text89                         001534  00001A  00154E      2A68       0  CODE        2
                text6                          00154E  00001A  001568      2A9C       0  CODE        2
                text53                         001568  00001B  001583      2AD0       0  CODE        2
                text130                        001583  00001C  00159F      2B06       0  CODE        2
                text87                         00159F  00001C  0015BB      2B3E       0  CODE        2
                text49                         0015BB  00001C  0015D7      2B76       0  CODE        2
                text30                         0015D7  00001C  0015F3      2BAE       0  CODE        2
                text23                         0015F3  00001C  00160F      2BE6       0  CODE        2
                text43                         00160F  00001E  00162D      2C1E       0  CODE        2
                text51                         00162D  000020  00164D      2C5A       0  CODE        2
                text22                         00164D  000021  00166E      2C9A       0  CODE        2
                text21                         00166E  000021  00168F      2CDC       0  CODE        2
                text27                         00168F  000022  0016B1      2D1E       0  CODE        2
                text60                         0016B1  000023  0016D4      2D62       0  CODE        2
                text28                         0016D4  000023  0016F7      2DA8       0  CODE        2
                text82                         0016F7  000025  00171C      2DEE       0  CODE        2
                text24                         00171C  000029  001745      2E38       0  CODE        2
                text33                         001745  00002A  00176F      2E8A       0  CODE        2
                text16                         00176F  00002B  00179A      2EDE       0  CODE        2
                text46                         00179A  00002E  0017C8      2F34       0  CODE        2
                text86                         0017C8  000038  001800      2F90       0  CODE        2
                stringtext1                    001800  00005E  00185E      3000       0  STRCODE     2


UNUSED ADDRESS RANGES

        Name                Unused          Largest block    Delta
        BANK3            001CF-001E7              19           1
        BIGRAM           02000-021EF             1F0           1
        CODE             01000-01046              47           2
                         0185E-01FFF             7A2
        COMMON           0007A-0007D               4           1
        CONST            01000-01046              47           2
                         0185E-01FFF             100
        ENTRY            01000-01046              47           2
                         0185E-01FFF             100
        IDLOC            08000-08003               4           2
        RAM              001CF-001E7              19           1
        SFR0             00000-0001F              20           1
        SFR1             00080-0009F              20           1
        SFR10            00500-0056F              70           1
        SFR11            00580-005EF              70           1
        SFR12            00600-0066F              70           1
        SFR13            00680-006EF              70           1
        SFR14            00700-0076F              70           1
        SFR15            00780-007EF              70           1
        SFR16            00800-0086F              70           1
        SFR17            00880-008EF              70           1
        SFR18            00900-0096F              70           1
        SFR19            00980-009EF              70           1
        SFR2             00100-0011F              20           1
        SFR20            00A00-00A6F              70           1
        SFR21            00A80-00AEF              70           1
        SFR22            00B00-00B6F              70           1
        SFR23            00B80-00BEF              70           1
        SFR24            00C00-00C6F              70           1
        SFR25            00C80-00CEF              70           1
        SFR26            00D00-00D6F              70           1
        SFR27            00D80-00DEF              70           1
        SFR28            00E00-00E6F              70           1
        SFR29            00E80-00EEF              70           1
        SFR3             00180-0019F              20           1
        SFR30            00F00-00F6F              70           1
        SFR31            00F80-00FEF              70           1
        SFR4             00200-0021F              20           1
        SFR5             00280-0029F              20           1
        SFR6             00300-0031F              20           1
        SFR7             00380-003EF              70           1
        SFR8             00400-0046F              70           1
        SFR9             00480-004EF              70           1
        STACK            0211F-02137              19           1
        STRCODE          01000-01046              47           2
                         0185E-01FFF             7A2
        STRING           01000-01046              47           2
                         0185E-01FFF             100

                                  Symbol Table

?___wmul                                          cstackBANK0  00020
ActivateHandPosition@motor_no                     cstackBANK0  00022
AfterDetectedLoadPosition@motor_no                cstackBANK0  0003D
AfterDetectedLoadPosition@move_steps              cstackBANK0  00044
AfterDetectedLoadPosition@res                     cstackBANK0  00043
CalcMotorStepCounter@motor_bit                    cstackBANK0  00037
CalcMotorStepCounter@motor_no                     cstackBANK0  0003A
CalcMotorStepCounter@steps                        cstackBANK0  00038
ComparatorOff@motor_no                            cstackCOMMON 00075
ComparatorOn@motor_no                             cstackCOMMON 00075
CorrectPosition@max                               cstackBANK0  00028
CorrectPosition@pos                               cstackBANK0  00026
DeactivateHandPosition@motor_no                   cstackBANK0  00022
DetermineBasePosition@base_pos_index              cstackBANK0  00037
DetermineBasePosition@load_pos_type               cstackBANK0  00035
DetermineBasePosition@motor_no                    cstackBANK0  00038
GetIsMotorActive@motor_no                         cstackBANK0  00022
GetIsMotorActive@res                              cstackBANK0  00023
InitPositionSearch@i                              cstackBANK0  0002E
InitPositionSearch@motor_no                       cstackBANK0  0002F
InitPulsePositionTable@motor_no                   cstackBANK0  00021
MoveTargetPosition@motor_no                       cstackBANK0  0003C
PriorUpdateCorrentPosition@motor_no               cstackBANK0  0002F
SPIControl_ExecuteCommand@cmd_type                cstackBANK0  00043
SPIControl_ExecuteCommand@motor_select            cstackBANK0  00044
SPI_Open@spiUniqueConfiguration                   cstackBANK0  00023
SaveLoadPosition@i                                cstackBANK0  00037
SaveLoadPosition@motor_no                         cstackBANK0  00036
SetAfterDetectLoadFunc@func                       cstackBANK0  00020
SetAfterDetectLoadFunc@motor_no                   cstackBANK0  00022
SetAfterMotorStopFunc@func                        cstackBANK0  00020
SetAfterMotorStopFunc@motor_no                    cstackBANK0  00022
SetDriveType@drive_type                           cstackBANK0  00020
SetDriveType@motor_no                             cstackBANK0  00023
SetFwdPulseWithCorrectProc@motor_bit              cstackBANK0  00040
SetFwdPulseWithCorrectProc@motor_no               cstackBANK0  0003D
SetMotorAddShakePulse@motor_no                    cstackBANK0  00023
SetMotorAddShakePulse@sw                          cstackBANK0  00020
SetMotorBitMotorNo@motor_no                       cstackBANK0  00022
SetMotorCorrectPositionStart@motor_no             cstackBANK0  00032
SetMotorDirection@dir                             cstackBANK0  00020
SetMotorDirection@motor_no                        cstackBANK0  00023
SetMotorDisableExcitating@motor_no                cstackBANK0  00022
SetMotorEnableExcitating@motor_no                 cstackBANK0  00022
SetMotorFrequency@motor_no                        cstackBANK0  00023
SetMotorFrequency@set_freq                        cstackBANK0  00021
SetMotorFrequency@type                            cstackBANK0  00020
SetMotorPositionSearchStart@motor_no              cstackBANK0  00030
SetMotorStart@motor_no                            cstackBANK0  00021
SetMotorStepCounter@motor_no                      cstackBANK0  00032
SetMotorStepCounter@steps                         cstackBANK0  00030
SetMotorStop@motor_no                             cstackBANK0  00022
SpiCmdFunc_DisableExcitating@motor_no             cstackBANK0  0003D
SpiCmdFunc_EnableExcitating@motor_no              cstackBANK0  0003D
SpiCmdFunc_FwdPulseNormal@motor_no                cstackBANK0  0003D
SpiCmdFunc_FwdPulsePositionCtl@motor_no           cstackBANK0  0003D
SpiCmdFunc_FwdPulseWithCorrect@motor_no           cstackBANK0  0003D
SpiCmdFunc_RevPulseNormal@motor_no                cstackBANK0  0003D
SpiCmdFunc_RevPulsePositionCtl@motor_no           cstackBANK0  0003D
SpiCmdFunc_Search1008Position@motor_no            cstackBANK0  0003D
SpiCmdFunc_SearchBasePosition@motor_no            cstackBANK0  0003D
TMR1_SetInterruptHandler@InterruptHandler         cstackBANK0  00020
TMR1_WriteTimer@timerVal                          cstackCOMMON 00075
TMR2_SetInterruptHandler@InterruptHandler         cstackBANK0  00020
UpdataHandPosition@i                              cstackBANK0  00037
UpdataHandPosition@motor_no                       cstackBANK0  00038
UpdateCurrentPositionByFinePosition@diff          cstackBANK0  0002E
UpdateCurrentPositionByFinePosition@i             cstackBANK0  00030
UpdateCurrentPositionByFinePosition@motor_no      cstackBANK0  00031
UpdateTargetPosition@motor_no                     cstackBANK0  00031
UpdateTargetPosition@steps                        cstackBANK0  0002D
VerifyHandPosition_LoadPosition@curt_pos          cstackBANK0  00049
VerifyHandPosition_LoadPosition@i                 cstackBANK0  0004B
VerifyHandPosition_LoadPosition@load_pos          cstackBANK0  0004C
VerifyHandPosition_LoadPosition@misalignment_flag cstackBANK0  00048
VerifyHandPosition_LoadPosition@motor_no          cstackBANK0  0003D
VerifyHandPosition_LoadPosition@remain_steps      cstackBANK0  00046
VrsCheck@motor_no                                 cstackCOMMON 00076
WatchMotorDriveFinish@func                        cstackBANK2  0016E
_ANSELA                                           (abs)        0018C
_ANSELB                                           (abs)        0018D
_ANSELC                                           (abs)        0018E
_APFCON                                           (abs)        0011D
_ActivateHandPosition                             text40       0138E
_AfterDetectedLoadPosition                        text31       0005D
_BORCON                                           (abs)        00116
_CM1CON0                                          (abs)        00111
_CM1CON1                                          (abs)        00112
_CM2CON0                                          (abs)        00113
_CM2CON1                                          (abs)        00114
_CalcMotorStepCounter                             text61       005EB
_ComparatorOff                                    text131      013C4
_ComparatorOn                                     text130      01583
_CorrectPosition                                  text64       0080B
_DACCON0                                          (abs)        00118
_DACCON1                                          (abs)        00119
_DAC_Initialize                                   text11       0106D
_DeactivateHandPosition                           text55       0137C
_DetermineBasePosition                            text39       00F5A
_ExcitatingOutOff                                 text83       010E0
_ExcitatingOutOn                                  text82       016F7
_GetIsMotorActive                                 text59       013EA
_INTCONbits                                       (abs)        0000B
_INTERRUPT_InterruptManager                       intentry     00004
_InitPositionSearch                               text52       00E1A
_InitPulsePositionTable                           text74       012CB
_LATA                                             (abs)        0010C
_LATB                                             (abs)        0010D
_LATC                                             (abs)        0010E
_LATC0                                            (abs)        00870
_MoveTargetPosition                               text38       013D7
_OPTION_REGbits                                   (abs)        00095
_OSCCON                                           (abs)        00099
_OSCILLATOR_Initialize                            text10       01073
_OutRequestFlug                                   bssBANK1     000D6
_OutTrisRequestFlug                               bssBANK1     000D5
_PIE1bits                                         (abs)        00091
_PIN_MANAGER_Initialize                           text9        01502
_PIR1bits                                         (abs)        00011
_PIR2bits                                         (abs)        00012
_PR2                                              (abs)        0001B
_PriorUpdateCorrentPosition                       text63       008C2
_SPIControl_ExecuteCommand                        text42       00B88
_SPIControl_RecieveComannd                        text13       013A0
_SPIControl_SetNotification                       text30       015D7
_SPI_Initialize                                   text8        0109D
_SPI_Open                                         text12       00910
_SPI_ReadByte                                     text41       01052
_SSP1ADD                                          (abs)        00212
_SSP1BUF                                          (abs)        00211
_SSP1CON1                                         (abs)        00215
_SSP1CON1bits                                     (abs)        00215
_SSP1CON2                                         (abs)        00216
_SSP1STAT                                         (abs)        00214
_SYSTEM_Initialize                                text3        013FF
_SaveLoadPosition                                 text37       00C74
_SetAfterDetectLoadFunc                           text57       010BD
_SetAfterMotorStopFunc                            text58       01093
_SetDataTRISxWork_M0_SPK_POL0_OPEN                text114      011B9
_SetDataTRISxWork_M0_SPK_POL0_SHORT               text113      01470
_SetDataTRISxWork_M0_SPK_POL1_OPEN                text111      011C8
_SetDataTRISxWork_M0_SPK_POL1_SHORT               text110      01488
_SetDataTRISxWork_M1_SPK_POL0_OPEN                text94       0126D
_SetDataTRISxWork_M1_SPK_POL0_SHORT               text93       014A0
_SetDataTRISxWork_M1_SPK_POL1_OPEN                text91       0127C
_SetDataTRISxWork_M1_SPK_POL1_SHORT               text90       014B8
_SetDataTRISxWork_SPK_OPEN                        text86       017C8
_SetDataTRISxWork_SPK_SHORT                       text87       0159F
_SetDriveType                                     text71       00D85
_SetExcitatingOutOffData                          text49       015BB
_SetFwdPulseWithCorrectProc                       text15       00882
_SetMotorAddShakePulse                            text2        0151B
_SetMotorBitMotorNo                               text36       012ED
_SetMotorCorrectPositionStart                     text33       01745
_SetMotorDirection                                text70       014E9
_SetMotorDisableExcitating                        text73       01346
_SetMotorEnableExcitating                         text72       01358
_SetMotorFrequency                                text69       00845
_SetMotorPositionSearchStart                      text51       0162D
_SetMotorStart                                    text65       01089
_SetMotorStartSPK                                 text46       0179A
_SetMotorStepCounter                              text62       010FA
_SetMotorStop                                     text56       0136A
_SetMotorStopSPK                                  text43       0160F
_SetOutPutLATX                                    text50       00A39
_SetPulseOutLATxWork_M0_FWD_POL0_OFF              text122      01414
_SetPulseOutLATxWork_M0_FWD_POL0_P1               text126      01150
_SetPulseOutLATxWork_M0_FWD_POL0_P2               text123      0117D
_SetPulseOutLATxWork_M0_FWD_POL1_OFF              text120      0142B
_SetPulseOutLATxWork_M0_FWD_POL1_P1               text127      01141
_SetPulseOutLATxWork_M0_FWD_POL1_P2               text121      0118C
_SetPulseOutLATxWork_M0_REV_POL0_OFF              text118      0128B
_SetPulseOutLATxWork_M0_REV_POL0_P1               text124      0116E
_SetPulseOutLATxWork_M0_REV_POL0_P2               text119      0119B
_SetPulseOutLATxWork_M0_REV_POL1_OFF              text116      0129B
_SetPulseOutLATxWork_M0_REV_POL1_P1               text125      0115F
_SetPulseOutLATxWork_M0_REV_POL1_P2               text117      011AA
_SetPulseOutLATxWork_M0_SHAKE_POL0_OFF            text115      012FE
_SetPulseOutLATxWork_M0_SHAKE_POL0_P0             text128      01132
_SetPulseOutLATxWork_M0_SHAKE_POL1_OFF            text112      01310
_SetPulseOutLATxWork_M0_SHAKE_POL1_P0             text129      01123
_SetPulseOutLATxWork_M1_FWD_POL0_OFF              text102      01442
_SetPulseOutLATxWork_M1_FWD_POL0_P1               text106      01204
_SetPulseOutLATxWork_M1_FWD_POL0_P2               text103      01231
_SetPulseOutLATxWork_M1_FWD_POL1_OFF              text100      01459
_SetPulseOutLATxWork_M1_FWD_POL1_P1               text107      011F5
_SetPulseOutLATxWork_M1_FWD_POL1_P2               text101      01240
_SetPulseOutLATxWork_M1_REV_POL0_OFF              text98       012AB
_SetPulseOutLATxWork_M1_REV_POL0_P1               text104      01222
_SetPulseOutLATxWork_M1_REV_POL0_P2               text99       0124F
_SetPulseOutLATxWork_M1_REV_POL1_OFF              text96       012BB
_SetPulseOutLATxWork_M1_REV_POL1_P1               text105      01213
_SetPulseOutLATxWork_M1_REV_POL1_P2               text97       0125E
_SetPulseOutLATxWork_M1_SHAKE_POL0_OFF            text95       01322
_SetPulseOutLATxWork_M1_SHAKE_POL0_P0             text108      011E6
_SetPulseOutLATxWork_M1_SHAKE_POL1_OFF            text92       01334
_SetPulseOutLATxWork_M1_SHAKE_POL1_P0             text109      011D7
_SpiCmdFunc_DisableExcitating                     text17       01068
_SpiCmdFunc_EnableExcitating                      text18       01063
_SpiCmdFunc_FwdPulseNormal                        text28       016D4
_SpiCmdFunc_FwdPulsePositionCtl                   text22       0164D
_SpiCmdFunc_FwdPulseWithCorrect                   text23       015F3
_SpiCmdFunc_FwdPulseWithShake                     text26       0104A
_SpiCmdFunc_RevPulseNormal                        text27       0168F
_SpiCmdFunc_RevPulsePositionCtl                   text21       0166E
_SpiCmdFunc_Search1008Position                    text16       0176F
_SpiCmdFunc_SearchBasePosition                    text24       0171C
_SpiCmdFunc_SearchLoadPosition                    text25       0104B
_SpiCmdFunc_StartDetectVrs                        text20       01055
_SpiCmdFunc_StopDetectVrs                         text19       01058
_SpiCmdFunc_Test                                  text29       01049
_SpiCmmandFunction                                stringtext1  01800
_SpkComparatorOff                                 text45       01107
_SpkComparatorOn                                  text48       00800
_SpkVrsCheck                                      text81       010ED
_StartPulseOutM0                                  text67       00AA6
_StartPulseOutM1                                  text66       00B16
_T1CON                                            (abs)        00018
_T1CONbits                                        (abs)        00018
_T1GCON                                           (abs)        00019
_T2CON                                            (abs)        0001C
_T2CONbits                                        (abs)        0001C
_TMR1H                                            (abs)        00017
_TMR1L                                            (abs)        00016
_TMR1_CallBack                                    text134      010A7
_TMR1_DefaultInterruptHandler                     text135      01047
_TMR1_ISR                                         text132      010C8
_TMR1_Initialize                                  text6        0154E
_TMR1_InterruptHandler                            nvBANK2      00168
_TMR1_SetInterruptHandler                         text7        01081
_TMR1_StopTimer                                   text1        007FE
_TMR1_WriteTimer                                  text133      01114
_TMR2                                             (abs)        0001A
_TMR2_CallBack                                    text77       010B2
_TMR2_DefaultInterruptHandler                     text79       01048
_TMR2_ISR                                         text76       0105B
_TMR2_Initialize                                  text5        013B2
_TMR2_Interrupt                                   text78       003FA
_TMR2_InterruptHandler                            nvBANK2      0016C
_TMR2_Interrupt_SPK                               text80       00784
_TMR2_SetInterruptHandler                         text47       01079
_TMR2_StartTimer                                  text68       0104C
_TMR2_StopTimer                                   text44       0104F
_TRISA                                            (abs)        0008C
_TRISB                                            (abs)        0008D
_TRISBbits                                        (abs)        0008D
_TRISC                                            (abs)        0008E
_TblM0PulseChangePosition                         stringtext3  01835
_TblM0PulseChangePositionLast                     bssBANK1     000EC
_TblM1PulseChangePosition                         stringtext2  0181C
_TblM1PulseChangePositionLast                     bssBANK1     000EB
_TblMaxSearchSteps                                stringtext5  01852
_TblMaxSteps                                      stringtext6  01856
_UpdataHandPosition                               text35       00EBA
_UpdateCurrentPositionByFinePosition              text34       00CF7
_UpdateTargetPosition                             text60       016B1
_VerifyHandPosition_LoadPosition                  text32       006C0
_VrsCheck                                         text89       01534
_WDTCON                                           (abs)        00097
_WDT_Initialize                                   text4        0105F
_WPUA                                             (abs)        0020C
_WPUB                                             (abs)        0020D
_WatchMotorDriveFinish                            text14       00BFB
__Habs1                                           abs1         00000
__Hbank0                                          bank0        00000
__Hbank1                                          bank1        00000
__Hbank10                                         bank10       00000
__Hbank11                                         bank11       00000
__Hbank12                                         bank12       00000
__Hbank13                                         bank13       00000
__Hbank14                                         bank14       00000
__Hbank15                                         bank15       00000
__Hbank16                                         bank16       00000
__Hbank17                                         bank17       00000
__Hbank18                                         bank18       00000
__Hbank19                                         bank19       00000
__Hbank2                                          bank2        00000
__Hbank20                                         bank20       00000
__Hbank21                                         bank21       00000
__Hbank22                                         bank22       00000
__Hbank23                                         bank23       00000
__Hbank24                                         bank24       00000
__Hbank25                                         bank25       00000
__Hbank26                                         bank26       00000
__Hbank27                                         bank27       00000
__Hbank28                                         bank28       00000
__Hbank29                                         bank29       00000
__Hbank3                                          bank3        00000
__Hbank30                                         bank30       00000
__Hbank31                                         bank31       00000
__Hbank4                                          bank4        00000
__Hbank5                                          bank5        00000
__Hbank6                                          bank6        00000
__Hbank7                                          bank7        00000
__Hbank8                                          bank8        00000
__Hbank9                                          bank9        00000
__Hbigram                                         bigram       00000
__HbssBANK0                                       bssBANK0     00000
__HbssBANK1                                       bssBANK1     00000
__HbssBANK2                                       bssBANK2     00000
__HbssBANK3                                       bssBANK3     00000
__HbssCOMMON                                      bssCOMMON    00000
__Hcinit                                          cinit        0005D
__Hclrtext                                        clrtext      00000
__Hcode                                           code         00000
__Hcommon                                         common       00000
__Hconfig                                         config       08009
__HcstackBANK0                                    cstackBANK0  00000
__HcstackBANK1                                    cstackBANK1  00000
__HcstackBANK2                                    cstackBANK2  00000
__HcstackBANK3                                    cstackBANK3  00000
__HcstackCOMMON                                   cstackCOMMON 00000
__Heeprom_data                                    eeprom_data  00000
__Hend_init                                       end_init     0001E
__Hfunctab                                        functab      00000
__Hinit                                           init         0001C
__Hintentry                                       intentry     0001C
__Hmaintext                                       maintext     00000
__HnvBANK2                                        nvBANK2      00000
__Hpowerup                                        powerup      00000
__Hram                                            ram          00000
__Hreset_vec                                      reset_vec    00002
__Hsfr0                                           sfr0         00000
__Hsfr1                                           sfr1         00000
__Hsfr10                                          sfr10        00000
__Hsfr11                                          sfr11        00000
__Hsfr12                                          sfr12        00000
__Hsfr13                                          sfr13        00000
__Hsfr14                                          sfr14        00000
__Hsfr15                                          sfr15        00000
__Hsfr16                                          sfr16        00000
__Hsfr17                                          sfr17        00000
__Hsfr18                                          sfr18        00000
__Hsfr19                                          sfr19        00000
__Hsfr2                                           sfr2         00000
__Hsfr20                                          sfr20        00000
__Hsfr21                                          sfr21        00000
__Hsfr22                                          sfr22        00000
__Hsfr23                                          sfr23        00000
__Hsfr24                                          sfr24        00000
__Hsfr25                                          sfr25        00000
__Hsfr26                                          sfr26        00000
__Hsfr27                                          sfr27        00000
__Hsfr28                                          sfr28        00000
__Hsfr29                                          sfr29        00000
__Hsfr3                                           sfr3         00000
__Hsfr30                                          sfr30        00000
__Hsfr31                                          sfr31        00000
__Hsfr4                                           sfr4         00000
__Hsfr5                                           sfr5         00000
__Hsfr6                                           sfr6         00000
__Hsfr7                                           sfr7         00000
__Hsfr8                                           sfr8         00000
__Hsfr9                                           sfr9         00000
__Hspace_0                                        (abs)        0185E
__Hspace_1                                        (abs)        001CF
__Hspace_2                                        (abs)        00000
__Hspace_3                                        (abs)        00000
__Hspace_4                                        (abs)        10010
__Hstack                                          stack        00000
__Hstrings                                        strings      00000
__Hstringtext1                                    stringtext1  00000
__Hstringtext2                                    stringtext2  00000
__Hstringtext3                                    stringtext3  00000
__Hstringtext4                                    stringtext4  00000
__Hstringtext5                                    stringtext5  00000
__Hstringtext6                                    stringtext6  00000
__Hstringtext7                                    stringtext7  00000
__Htext                                           text         00000
__Labs1                                           abs1         00000
__Lbank0                                          bank0        00000
__Lbank1                                          bank1        00000
__Lbank10                                         bank10       00000
__Lbank11                                         bank11       00000
__Lbank12                                         bank12       00000
__Lbank13                                         bank13       00000
__Lbank14                                         bank14       00000
__Lbank15                                         bank15       00000
__Lbank16                                         bank16       00000
__Lbank17                                         bank17       00000
__Lbank18                                         bank18       00000
__Lbank19                                         bank19       00000
__Lbank2                                          bank2        00000
__Lbank20                                         bank20       00000
__Lbank21                                         bank21       00000
__Lbank22                                         bank22       00000
__Lbank23                                         bank23       00000
__Lbank24                                         bank24       00000
__Lbank25                                         bank25       00000
__Lbank26                                         bank26       00000
__Lbank27                                         bank27       00000
__Lbank28                                         bank28       00000
__Lbank29                                         bank29       00000
__Lbank3                                          bank3        00000
__Lbank30                                         bank30       00000
__Lbank31                                         bank31       00000
__Lbank4                                          bank4        00000
__Lbank5                                          bank5        00000
__Lbank6                                          bank6        00000
__Lbank7                                          bank7        00000
__Lbank8                                          bank8        00000
__Lbank9                                          bank9        00000
__Lbigram                                         bigram       00000
__LbssBANK0                                       bssBANK0     00000
__LbssBANK1                                       bssBANK1     00000
__LbssBANK2                                       bssBANK2     00000
__LbssBANK3                                       bssBANK3     00000
__LbssCOMMON                                      bssCOMMON    00000
__Lcinit                                          cinit        0001E
__Lclrtext                                        clrtext      00000
__Lcode                                           code         00000
__Lcommon                                         common       00000
__Lconfig                                         config       00000
__LcstackBANK0                                    cstackBANK0  00000
__LcstackBANK1                                    cstackBANK1  00000
__LcstackBANK2                                    cstackBANK2  00000
__LcstackBANK3                                    cstackBANK3  00000
__LcstackCOMMON                                   cstackCOMMON 00000
__Leeprom_data                                    eeprom_data  00000
__Lend_init                                       end_init     0001C
__Lfunctab                                        functab      00000
__Linit                                           init         0001C
__Lintentry                                       intentry     00004
[...]


 *************** function _SetPulseOutLATxWork_M0_FWD_POL0_P1 *****************
 Defined at:
		line 3021 in file "MotorDrive.c"
 Parameters:    Size  Location     Type
		None
 Auto vars:     Size  Location     Type
		None
 Return value:  Size  Location     Type
                  1    wreg      void 
 Registers used:
		wreg, status,2
 Tracked objects:
		On entry : 
		On exit  : 
		Unchanged: 
 Data sizes:     COMMON   BANK0   BANK1   BANK2   BANK3   BANK4   BANK5   BANK6
      Params:         0       0       0       0       0       0       0       0
      Locals:         0       0       0       0       0       0       0       0
      Temps:          1       0       0       0       0       0       0       0
      Totals:         1       0       0       0       0       0       0       0
Total ram usage:        1 bytes
 Hardware stack levels used:    1
 This function calls:
		Nothing
 This function is called by:
		_StartPulseOutM0
		_SetPulseOutLATxWork_M0_FWD_POL1_OFF
		_SetDataTRISxWork_M0_SPK_POL0_SHORT
		_TMR2_Interrupt
 This function uses a non-reentrant model


 *************** function _SetPulseOutLATxWork_M0_FWD_POL1_P1 *****************
 Defined at:
		line 3066 in file "MotorDrive.c"
 Parameters:    Size  Location     Type
		None
 Auto vars:     Size  Location     Type
		None
 Return value:  Size  Location     Type
                  1    wreg      void 
 Registers used:
		wreg, status,2
 Tracked objects:
		On entry : 
		On exit  : 
		Unchanged: 
 Data sizes:     COMMON   BANK0   BANK1   BANK2   BANK3   BANK4   BANK5   BANK6
      Params:         0       0       0       0       0       0       0       0
      Locals:         0       0       0       0       0       0       0       0
      Temps:          1       0       0       0       0       0       0       0
      Totals:         1       0       0       0       0       0       0       0
Total ram usage:        1 bytes
 Hardware stack levels used:    1
 This function calls:
		Nothing
 This function is called by:
		_StartPulseOutM0
		_SetPulseOutLATxWork_M0_FWD_POL0_OFF
		_SetDataTRISxWork_M0_SPK_POL1_SHORT
		_TMR2_Interrupt
 This function uses a non-reentrant model


 *************** function _SetPulseOutLATxWork_M0_SHAKE_POL0_P0 *****************
 Defined at:
		line 3360 in file "MotorDrive.c"
 Parameters:    Size  Location     Type
		None
 Auto vars:     Size  Location     Type
		None
 Return value:  Size  Location     Type
                  1    wreg      void 
 Registers used:
		wreg, status,2
 Tracked objects:
		On entry : 
		On exit  : 
		Unchanged: 
 Data sizes:     COMMON   BANK0   BANK1   BANK2   BANK3   BANK4   BANK5   BANK6
      Params:         0       0       0       0       0       0       0       0
      Locals:         0       0       0       0       0       0       0       0
      Temps:          1       0       0       0       0       0       0       0
      Totals:         1       0       0       0       0       0       0       0
Total ram usage:        1 bytes
 Hardware stack levels used:    1
 This function calls:
		Nothing
 This function is called by:
		_StartPulseOutM0
		_SetPulseOutLATxWork_M0_FWD_POL1_OFF
		_TMR2_Interrupt
 This function uses a non-reentrant model


 *************** function _SetPulseOutLATxWork_M0_SHAKE_POL1_P0 *****************
 Defined at:
		line 3423 in file "MotorDrive.c"
 Parameters:    Size  Location     Type
		None
 Auto vars:     Size  Location     Type
		None
 Return value:  Size  Location     Type
                  1    wreg      void 
 Registers used:
		wreg, status,2
 Tracked objects:
		On entry : 
		On exit  : 
		Unchanged: 
 Data sizes:     COMMON   BANK0   BANK1   BANK2   BANK3   BANK4   BANK5   BANK6
      Params:         0       0       0       0       0       0       0       0
      Locals:         0       0       0       0       0       0       0       0
      Temps:          1       0       0       0       0       0       0       0
      Totals:         1       0       0       0       0       0       0       0
Total ram usage:        1 bytes
 Hardware stack levels used:    1
 This function calls:
		Nothing
 This function is called by:
		_StartPulseOutM0
		_SetPulseOutLATxWork_M0_FWD_POL0_OFF
		_TMR2_Interrupt
 This function uses a non-reentrant model


 *************** function _ComparatorOn *****************
 Defined at:
		line 2689 in file "MotorDrive.c"
 Parameters:    Size  Location     Type
  motor_no        1    wreg     unsigned char 
 Auto vars:     Size  Location     Type
  motor_no        1    0[COMMON] unsigned char 
 Return value:  Size  Location     Type
                  1    wreg      void 
 Registers used:
		wreg, status,2, status,0
 Tracked objects:
		On entry : 
		On exit  : 
		Unchanged: 
 Data sizes:     COMMON   BANK0   BANK1   BANK2   BANK3   BANK4   BANK5   BANK6
      Params:         0       0       0       0       0       0       0       0
      Locals:         1       0       0       0       0       0       0       0
      Temps:          0       0       0       0       0       0       0       0
      Totals:         1       0       0       0       0       0       0       0
Total ram usage:        1 bytes
 Hardware stack levels used:    1
 This function calls:
		Nothing
 This function is called by:
		_TMR2_Interrupt
 This function uses a non-reentrant model


 *************** function _ComparatorOff *****************
 Defined at:
		line 2670 in file "MotorDrive.c"
 Parameters:    Size  Location     Type
  motor_no        1    wreg     unsigned char 
 Auto vars:     Size  Location     Type
  motor_no        1    0[COMMON] unsigned char 
 Return value:  Size  Location     Type
                  1    wreg      void 
 Registers used:
		wreg, status,2, status,0
 Tracked objects:
		On entry : 
		On exit  : 
		Unchanged: 
 Data sizes:     COMMON   BANK0   BANK1   BANK2   BANK3   BANK4   BANK5   BANK6
      Params:         0       0       0       0       0       0       0       0
      Locals:         1       0       0       0       0       0       0       0
      Temps:          0       0       0       0       0       0       0       0
      Totals:         1       0       0       0       0       0       0       0
Total ram usage:        1 bytes
 Hardware stack levels used:    1
 This function calls:
		Nothing
 This function is called by:
		_TMR2_Interrupt
 This function uses a non-reentrant model


 *************** function _TMR1_ISR *****************
 Defined at:
		line 157 in file "mcc_generated_files/tmr1.c"
 Parameters:    Size  Location     Type
		None
 Auto vars:     Size  Location     Type
		None
 Return value:  Size  Location     Type
                  1    wreg      void 
 Registers used:
		wreg, status,2, status,0, pclath, cstack
 Tracked objects:
		On entry : 
		On exit  : 
		Unchanged: 
 Data sizes:     COMMON   BANK0   BANK1   BANK2   BANK3   BANK4   BANK5   BANK6
      Params:         0       0       0       0       0       0       0       0
      Locals:         0       0       0       0       0       0       0       0
      Temps:          0       0       0       0       0       0       0       0
      Totals:         0       0       0       0       0       0       0       0
Total ram usage:        0 bytes
 Hardware stack levels used:    1
 Hardware stack levels required when called:    2
 This function calls:
		_TMR1_CallBack
		_TMR1_WriteTimer
 This function is called by:
		_INTERRUPT_InterruptManager
 This function uses a non-reentrant model


 *************** function _TMR1_WriteTimer *****************
 Defined at:
		line 120 in file "mcc_generated_files/tmr1.c"
 Parameters:    Size  Location     Type
  timerVal        2    0[COMMON] unsigned short 
 Auto vars:     Size  Location     Type
		None
 Return value:  Size  Location     Type
                  1    wreg      void 
 Registers used:
		wreg
 Tracked objects:
		On entry : 
		On exit  : 
		Unchanged: 
 Data sizes:     COMMON   BANK0   BANK1   BANK2   BANK3   BANK4   BANK5   BANK6
      Params:         2       0       0       0       0       0       0       0
      Locals:         0       0       0       0       0       0       0       0
      Temps:          0       0       0       0       0       0       0       0
      Totals:         2       0       0       0       0       0       0       0
Total ram usage:        2 bytes
 Hardware stack levels used:    1
 This function calls:
		Nothing
 This function is called by:
		_TMR1_ISR
 This function uses a non-reentrant model


 *************** function _TMR1_CallBack *****************
 Defined at:
		line 169 in file "mcc_generated_files/tmr1.c"
 Parameters:    Size  Location     Type
		None
 Auto vars:     Size  Location     Type
		None
 Return value:  Size  Location     Type
                  1    wreg      void 
 Registers used:
		wreg, status,2, status,0, pclath, cstack
 Tracked objects:
		On entry : 
		On exit  : 
		Unchanged: 
 Data sizes:     COMMON   BANK0   BANK1   BANK2   BANK3   BANK4   BANK5   BANK6
      Params:         0       0       0       0       0       0       0       0
      Locals:         0       0       0       0       0       0       0       0
      Temps:          0       0       0       0       0       0       0       0
      Totals:         0       0       0       0       0       0       0       0
Total ram usage:        0 bytes
 Hardware stack levels used:    1
 Hardware stack levels required when called:    1
 This function calls:
		Absolute function
		_TMR1_DefaultInterruptHandler
 This function is called by:
		_TMR1_ISR
 This function uses a non-reentrant model


 *************** function _TMR1_DefaultInterruptHandler *****************
 Defined at:
		line 182 in file "mcc_generated_files/tmr1.c"
 Parameters:    Size  Location     Type
		None
 Auto vars:     Size  Location     Type
		None
 Return value:  Size  Location     Type
                  1    wreg      void 
 Registers used:
		None
 Tracked objects:
		On entry : 
		On exit  : 
		Unchanged: 
 Data sizes:     COMMON   BANK0   BANK1   BANK2   BANK3   BANK4   BANK5   BANK6
      Params:         0       0       0       0       0       0       0       0
      Locals:         0       0       0       0       0       0       0       0
      Temps:          0       0       0       0       0       0       0       0
      Totals:         0       0       0       0       0       0       0       0
Total ram usage:        0 bytes
 Hardware stack levels used:    1
 This function calls:
		Nothing
 This function is called by:
		_TMR1_Initialize
		_TMR1_CallBack
 This function uses a non-reentrant model



MODULE INFORMATION

Module		Function		Class		Link	Load	Size
mcc_generated_files/tmr2.c
		_TMR2_ISR      		CODE           	105B	0000	5
		_TMR2_Initialize		CODE           	13B2	0000	19
		_TMR2_SetInterruptHandler		CODE           	1079	0000	9
		_TMR2_StopTimer		CODE           	104F	0000	4
		_TMR2_DefaultInterruptHandler		CODE           	1048	0000	2
		_TMR2_CallBack 		CODE           	10B2	0000	12
		_TMR2_StartTimer		CODE           	104C	0000	4

mcc_generated_files/tmr2.c estimated size: 55

mcc_generated_files/interrupt_manager.c
		_INTERRUPT_InterruptManager		CODE           	0004	0000	25

mcc_generated_files/interrupt_manager.c estimated size: 25

C:\Program Files\Microchip\xc8\v2.20\pic\sources\c99\common\Umul16.c
		___wmul        		CODE           	1568	0000	28

C:\Program Files\Microchip\xc8\v2.20\pic\sources\c99\common\Umul16.c estimated size: 28

mcc_generated_files/pin_manager.c
		_PIN_MANAGER_Initialize		CODE           	1502	0000	26

mcc_generated_files/pin_manager.c estimated size: 26

spi_control.c
		_SpiCmdFunc_EnableExcitating		CODE           	1063	0000	6
		_SpiCmdFunc_SearchBasePosition		CODE           	171C	0000	42
		_SpiCmdFunc_FwdPulseNormal		CODE           	16D4	0000	36
		_SpiCmdFunc_RevPulseNormal		CODE           	168F	0000	35
		_SPIControl_RecieveComannd		CODE           	13A0	0000	19
		_SpiCmdFunc_Search1008Position		CODE           	176F	0000	44
		_SpiCmdFunc_FwdPulsePositionCtl		CODE           	164D	0000	34
		_SpiCmdFunc_FwdPulseWithShake		CODE           	104A	0000	2
		_SpiCmdFunc_RevPulsePositionCtl		CODE           	166E	0000	34
		_SpiCmdFunc_SearchLoadPosition		CODE           	104B	0000	2
		_SetFwdPulseWithCorrectProc		CODE           	0882	0000	65
		_SpiCmdFunc_StopDetectVrs		CODE           	1058	0000	4
		_SPIControl_ExecuteCommand		CODE           	0B88	0000	116
		_SpiCmdFunc_FwdPulseWithCorrect		CODE           	15F3	0000	29
		_SpiCmdFunc_Test		CODE           	1049	0000	2
		_SPIControl_SetNotification		CODE           	15D7	0000	29
		_SpiCmdFunc_DisableExcitating		CODE           	1068	0000	6
		_SpiCmdFunc_StartDetectVrs		CODE           	1055	0000	4

spi_control.c estimated size: 509

mcc_generated_files/spi.c
		_SPI_Open      		CODE           	0910	0000	87
		_SPI_ReadByte  		CODE           	1052	0000	4
		_SPI_Initialize		CODE           	109D	0000	11

mcc_generated_files/spi.c estimated size: 102

shared
		i1_SetOutPutLATX		CODE           	09CC	0000	110
		_offsetBasePosition		STRCODE        	184E	0000	5
		_TblM0PulseChangePosition		STRCODE        	1835	0000	26
		_TblMaxSteps   		STRCODE        	1856	0000	5
		__initialization		CODE           	001E	0000	60
		_TblM1PulseChangePosition		STRCODE        	181C	0000	26
		_spi_configuration		STRCODE        	185A	0000	5
		i1_TMR2_StopTimer		CODE           	0002	0000	3
		i1_SetExcitatingOutOffData		CODE           	14D0	0000	26
		_TblMaxSearchSteps		STRCODE        	1852	0000	5
		_SpiCmmandFunction		STRCODE        	1800	0000	29

shared estimated size: 300

mcc_generated_files/mcc.c
		_WDT_Initialize		CODE           	105F	0000	5
		_OSCILLATOR_Initialize		CODE           	1073	0000	7
		_SYSTEM_Initialize		CODE           	13FF	0000	22

mcc_generated_files/mcc.c estimated size: 34

mcc_generated_files/tmr1.c
		_TMR1_Initialize		CODE           	154E	0000	27
		_TMR1_SetInterruptHandler		CODE           	1081	0000	9
		_TMR1_StopTimer		CODE           	07FE	0000	3
		_TMR1_DefaultInterruptHandler		CODE           	1047	0000	2
		_TMR1_CallBack 		CODE           	10A7	0000	12
		_TMR1_WriteTimer		CODE           	1114	0000	16
		_TMR1_ISR      		CODE           	10C8	0000	13

mcc_generated_files/tmr1.c estimated size: 82

MotorDrive.c
		_MoveTargetPosition		CODE           	13D7	0000	20
		_SetPulseOutLATxWork_M1_FWD_POL0_P1		CODE           	1204	0000	16
		_SetPulseOutLATxWork_M1_REV_POL0_P1		CODE           	1222	0000	16
		_SetPulseOutLATxWork_M1_FWD_POL1_P1		CODE           	11F5	0000	16
		_SetPulseOutLATxWork_M1_REV_POL1_P1		CODE           	1213	0000	16
		_SetAfterMotorStopFunc		CODE           	1093	0000	11
		_GetIsMotorActive		CODE           	13EA	0000	22
		_SetPulseOutLATxWork_M1_FWD_POL0_P2		CODE           	1231	0000	16
		_SetPulseOutLATxWork_M1_REV_POL0_P2		CODE           	124F	0000	16
		_SetPulseOutLATxWork_M1_FWD_POL1_P2		CODE           	1240	0000	16
		_SetPulseOutLATxWork_M1_REV_POL1_P2		CODE           	125E	0000	16
		_WatchMotorDriveFinish		CODE           	0BFB	0000	122
		_TMR2_Interrupt_SPK		CODE           	0784	0000	123
		_SetOutPutLATX 		CODE           	0A39	0000	110
		_InitPulsePositionTable		CODE           	12CB	0000	18
		_SetPulseOutLATxWork_M1_SHAKE_POL0_OFF		CODE           	1322	0000	19
		_SetPulseOutLATxWork_M1_SHAKE_POL1_OFF		CODE           	1334	0000	19
		_SetPulseOutLATxWork_M0_FWD_POL0_OFF		CODE           	1414	0000	24
		_SetPulseOutLATxWork_M0_REV_POL0_OFF		CODE           	128B	0000	17
		_SetPulseOutLATxWork_M0_FWD_POL1_OFF		CODE           	142B	0000	24
		_SetPulseOutLATxWork_M0_REV_POL1_OFF		CODE           	129B	0000	17
		_SetMotorStop  		CODE           	136A	0000	19
		_ComparatorOn  		CODE           	1583	0000	29
		_InitPositionSearch		CODE           	0E1A	0000	161
		_SetPulseOutLATxWork_M1_SHAKE_POL0_P0		CODE           	11E6	0000	16
		_SetPulseOutLATxWork_M1_SHAKE_POL1_P0		CODE           	11D7	0000	16
		_CalcMotorStepCounter		CODE           	05EB	0000	214
		_SetMotorStart 		CODE           	1089	0000	11
		_ComparatorOff 		CODE           	13C4	0000	20
		_SetMotorPositionSearchStart		CODE           	162D	0000	33
		_ActivateHandPosition		CODE           	138E	0000	19
		_SetMotorCorrectPositionStart		CODE           	1745	0000	43
		_SetDataTRISxWork_M0_SPK_POL0_SHORT		CODE           	1470	0000	25
		_SetDataTRISxWork_M0_SPK_POL1_SHORT		CODE           	1488	0000	25
		_SetDataTRISxWork_M1_SPK_POL0_SHORT		CODE           	14A0	0000	25
		_SetDataTRISxWork_M1_SPK_POL1_SHORT		CODE           	14B8	0000	25
		_ExcitatingOutOn		CODE           	16F7	0000	38
		_SetDataTRISxWork_M0_SPK_POL0_OPEN		CODE           	11B9	0000	16
		_SetDataTRISxWork_M0_SPK_POL1_OPEN		CODE           	11C8	0000	16
		_UpdateTargetPosition		CODE           	16B1	0000	36
		_SetDataTRISxWork_M1_SPK_POL0_OPEN		CODE           	126D	0000	16
		_SetDataTRISxWork_M1_SPK_POL1_OPEN		CODE           	127C	0000	16
		_DeactivateHandPosition		CODE           	137C	0000	19
		_SpkComparatorOff		CODE           	1107	0000	14
		_SetMotorDirection		CODE           	14E9	0000	26
		_SetMotorAddShakePulse		CODE           	151B	0000	26
		_SetPulseOutLATxWork_M1_FWD_POL0_OFF		CODE           	1442	0000	24
		_SetPulseOutLATxWork_M1_REV_POL0_OFF		CODE           	12AB	0000	17
		_SetPulseOutLATxWork_M1_FWD_POL1_OFF		CODE           	1459	0000	24
		_SetPulseOutLATxWork_M1_REV_POL1_OFF		CODE           	12BB	0000	17
		_SetMotorFrequency		CODE           	0845	0000	62
		_SetMotorBitMotorNo		CODE           	12ED	0000	18
		_SetMotorStopSPK		CODE           	160F	0000	31
		_SetDataTRISxWork_SPK_SHORT		CODE           	159F	0000	29
		_SetMotorStepCounter		CODE           	10FA	0000	14
		_UpdataHandPosition		CODE           	0EBA	0000	161
		_SetMotorEnableExcitating		CODE           	1358	0000	19
		_SpkVrsCheck   		CODE           	10ED	0000	14
		_SetPulseOutLATxWork_M0_FWD_POL0_P1		CODE           	1150	0000	16
		_SetPulseOutLATxWork_M0_REV_POL0_P1		CODE           	116E	0000	16
		_SetPulseOutLATxWork_M0_FWD_POL1_P1		CODE           	1141	0000	16
		_SetPulseOutLATxWork_M0_REV_POL1_P1		CODE           	115F	0000	16
		_SetDataTRISxWork_SPK_OPEN		CODE           	17C8	0000	57
		_CorrectPosition		CODE           	080B	0000	59
		_SetPulseOutLATxWork_M0_FWD_POL0_P2		CODE           	117D	0000	16
		_SetPulseOutLATxWork_M0_REV_POL0_P2		CODE           	119B	0000	16
		_SetPulseOutLATxWork_M0_FWD_POL1_P2		CODE           	118C	0000	16
		_SetPulseOutLATxWork_M0_REV_POL1_P2		CODE           	11AA	0000	16
		_DetermineBasePosition		CODE           	0F5A	0000	167
		_SetMotorDisableExcitating		CODE           	1346	0000	19
		_SetExcitatingOutOffData		CODE           	15BB	0000	29
		_StartPulseOutM0		CODE           	0AA6	0000	113
		_StartPulseOutM1		CODE           	0B16	0000	115
		_SetPulseOutLATxWork_M0_SHAKE_POL0_OFF		CODE           	12FE	0000	19
		_SetPulseOutLATxWork_M0_SHAKE_POL1_OFF		CODE           	1310	0000	19
		_AfterDetectedLoadPosition		CODE           	005D	0000	926
		_PriorUpdateCorrentPosition		CODE           	08C2	0000	79
		_ExcitatingOutOff		CODE           	10E0	0000	14
		_TMR2_Interrupt		CODE           	03FA	0000	498
		_SetPulseOutLATxWork_M0_SHAKE_POL0_P0		CODE           	1132	0000	16
		_VrsCheck      		CODE           	1534	0000	27
		_SetPulseOutLATxWork_M0_SHAKE_POL1_P0		CODE           	1123	0000	16
		_SpkComparatorOn		CODE           	0800	0000	12
		_SetDriveType  		CODE           	0D85	0000	150
		_SetAfterDetectLoadFunc		CODE           	10BD	0000	12
		_SaveLoadPosition		CODE           	0C74	0000	132
		_SetMotorStartSPK		CODE           	179A	0000	47
		_VerifyHandPosition_LoadPosition		CODE           	06C0	0000	197
		_UpdateCurrentPositionByFinePosition		CODE           	0CF7	0000	143

MotorDrive.c estimated size: 5002

mcc_generated_files/dac.c
		_DAC_Initialize		CODE           	106D	0000	7

mcc_generated_files/dac.c estimated size: 7

main.c
		_main          		CODE           	0966	0000	103

main.c estimated size: 103

C:\Program Files\Microchip\xc8\v2.20\pic\sources\c99\common\Umul8.c
		___bmul        		CODE           	12DC	0000	18

C:\Program Files\Microchip\xc8\v2.20\pic\sources\c99\common\Umul8.c estimated size: 18

