Microchip MPLAB XC8 Compiler V2.20

Linker command line:

-W-3 --edf=C:\Program Files\Microchip\xc8\v2.20\pic\dat\en_msgs.txt -cn \
  -h+dist/default/production\AG_demo_Touch_Read2.X.production.sym \
  --cmf=dist/default/production\AG_demo_Touch_Read2.X.production.cmf -z \
  -Q16LF1509 -oC:\Users\user\AppData\Local\Temp\s5rk.2 \
  --defsym=__MPLAB_BUILD=1 \
  -Mdist/default/production/AG_demo_Touch_Read2.X.production.map -E1 \
  -ver=XC8 Compiler --acfsm=1493 -ASTACK=0211Fh-02137h -pstack=STACK \
  -ACODE=00h-07FFhx4 -ASTRCODE=00h-01FFFh -ASTRING=00h-0FFhx32 \
  -ACONST=00h-0FFhx32 -AENTRY=00h-0FFhx32 -ACOMMON=070h-07Fh \
  -ABANK0=020h-06Fh -ABANK1=0A0h-0EFh -ABANK2=0120h-016Fh \
  -ABANK3=01A0h-01EFh -ABANK4=0220h-026Fh -ABANK5=02A0h-02EFh \
  -ABANK6=0320h-032Fh -ABIGRAM=02000h-021EFh \
  -ARAM=020h-06Fh,0A0h-0EFh,0120h-016Fh,01A0h-01EFh,0220h-026Fh,02A0h-02EFh,0320h-032Fh \
  -AABS1=020h-07Fh,0A0h-0EFh,0120h-016Fh,01A0h-01EFh,0220h-026Fh,02A0h-02EFh,0320h-032Fh \
  -ASFR0=00h-01Fh -ASFR1=080h-09Fh -ASFR2=0100h-011Fh -ASFR3=0180h-019Fh \
  -ASFR4=0200h-021Fh -ASFR5=0280h-029Fh -ASFR6=0300h-031Fh \
  -ASFR7=0380h-03EFh -ASFR8=0400h-046Fh -ASFR9=0480h-04EFh \
  -ASFR10=0500h-056Fh -ASFR11=0580h-05EFh -ASFR12=0600h-066Fh \
  -ASFR13=0680h-06EFh -ASFR14=0700h-076Fh -ASFR15=0780h-07EFh \
  -ASFR16=0800h-086Fh -ASFR17=0880h-08EFh -ASFR18=0900h-096Fh \
  -ASFR19=0980h-09EFh -ASFR20=0A00h-0A6Fh -ASFR21=0A80h-0AEFh \
  -ASFR22=0B00h-0B6Fh -ASFR23=0B80h-0BEFh -ASFR24=0C00h-0C6Fh \
  -ASFR25=0C80h-0CEFh -ASFR26=0D00h-0D6Fh -ASFR27=0D80h-0DEFh \
  -ASFR28=0E00h-0E6Fh -ASFR29=0E80h-0EEFh -ASFR30=0F00h-0F6Fh \
  -ASFR31=0F80h-0FEFh -ACONFIG=08007h-08008h -DCONFIG=2 \
  -AIDLOC=08000h-08003h -DIDLOC=2 \
  -preset_vec=00h,intentry=04h,init,end_init -ppowerup=CODE -pcinit=CODE \
  -pfunctab=ENTRY -DCODE=2 -DSTRCODE=2 -DSTRING=2 -DCONST=2 -DENTRY=2 -k \
  C:\Users\user\AppData\Local\Temp\s5rk.o \
  dist/default/production\AG_demo_Touch_Read2.X.production.o 

Object code version is 3.11

Machine type is 16LF1509



                Name                               Link     Load   Length Selector   Space Scale
C:\Users\user\AppData\Local\Temp\s5rk.o
                end_init                             1C       1C        2        8       0
                reset_vec                             0        0        2        0       0
                config                             8007     8007        2        0       4
dist/default/production\AG_demo_Touch_Read2.X.production.o
                cinit                                1E       1E       3F        8       0
                intentry                              4        4       18        8       0
                config                             8007     8007        2        0       4
                text135                            104F     104F        1     209E       0
                text134                            10AF     10AF        B     215E       0
                text133                            111C     111C        F     2238       0
                text132                            10D0     10D0        C     21A0       0
                text131                            13CC     13CC       13     2798       0
                text130                            15A3     15A3       1C     2B46       0
                text129                            112B     112B        F     2256       0
                text128                            113A     113A        F     2274       0
                text127                            1149     1149        F     2292       0
                text126                            1158     1158        F     22B0       0
                text125                            1167     1167        F     22CE       0
                text124                            1176     1176        F     22EC       0
                text123                            1185     1185        F     230A       0
                text122                            141C     141C       17     2838       0
                text121                            1194     1194        F     2328       0
                text120                            1433     1433       17     2866       0
                text119                            11A3     11A3        F     2346       0
                text118                            1293     1293       10     2526       0
                text117                            11B2     11B2        F     2364       0
                text116                            12A3     12A3       10     2546       0
                text115                            1306     1306       12     260C       0
                text114                            11C1     11C1        F     2382       0
                text113                            1478     1478       18     28F0       0
                text112                            1318     1318       12     2630       0
                text111                            11D0     11D0        F     23A0       0
                text110                            1490     1490       18     2920       0
                text109                            11DF     11DF        F     23BE       0
                text108                            11EE     11EE        F     23DC       0
                text107                            11FD     11FD        F     23FA       0
                text106                            120C     120C        F     2418       0
                text105                            121B     121B        F     2436       0
                text104                            122A     122A        F     2454       0
                text103                            1239     1239        F     2472       0
                text102                            144A     144A       17     2894       0
                text101                            1248     1248        F     2490       0
                text100                            1461     1461       17     28C2       0
                text99                             1257     1257        F     24AE       0
                text98                             12B3     12B3       10     2566       0
                text97                             1266     1266        F     24CC       0
                text96                             12C3     12C3       10     2586       0
                text95                             132A     132A       12     2654       0
                text94                             1275     1275        F     24EA       0
                text93                             14A8     14A8       18     2950       0
                text92                             133C     133C       12     2678       0
                text91                             1284     1284        F     2508       0
                text90                             14C0     14C0       18     2980       0
                text89                             1554     1554       1A     2AA8       0
                text88                                2        2        2        0       0
                text87                             15BF     15BF       1C     2B7E       0
                text86                             17C8     17C8       38     2F90       0
                text85                              9CC      9CC       6D     1398       0
                text84                             14F0     14F0       19     29E0       0
                text83                             10E8     10E8        D     21D0       0
                text82                             16F9     16F9       25     2DF2       0
                text81                             10F5     10F5        D     21EA       0
                text80                              784      784       7A        8       0
                text79                             1050     1050        1     20A0       0
                text78                              3FA      3FA      1F1        8       0
                text77                             10BA     10BA        B     2174       0
                text76                             1063     1063        4     20C6       0
                text74                             12D3     12D3       11     25A6       0
                text73                             134E     134E       12     269C       0
                text72                             1360     1360       12     26C0       0
                text71                              D85      D85       95     1B0A       0
                text70                             1509     1509       19     2A12       0
                text69                              845      845       3D     108A       0
                text68                             1054     1054        3     20A8       0
                text67                              AA6      AA6       70     154C       0
                text66                              B16      B16       72     162C       0
                text65                             1091     1091        A     2122       0
                text64                              80B      80B       3A     1016       0
                text63                              8C2      8C2       4E     1184       0
                text62                             1102     1102        D     2204       0
                text61                              5EB      5EB       D5        8       0
                text60                             16B3     16B3       23     2D66       0
                text59                             13F2     13F2       15     27E4       0
                text58                             109B     109B        A     2136       0
                text57                             10C5     10C5        B     218A       0
                text56                             1372     1372       12     26E4       0
                text55                             1384     1384       12     2708       0
                text54                             12E4     12E4       11     25C8       0
                text53                             1588     1588       1B     2B10       0
                text52                              E1A      E1A       A0     1C34       0
                text51                             162F     162F       20     2C5E       0
                text50                              A39      A39       6D     1472       0
                text49                             15DB     15DB       1C     2BB6       0
                text48                              800      800        B     1000       0
                text47                             1081     1081        8     2102       0
                text46                             179C     179C       2C     2F38       0
                text45                             110F     110F        D     221E       0
                text44                             1057     1057        3     20AE       0
                text43                             14D8     14D8       18     29B0       0
                text42                              B88      B88       73     1710       0
                text41                             105A     105A        3     20B4       0
                text40                             1396     1396       12     272C       0
                text39                              F5A      F5A       A6     1EB4       0
                text38                             13DF     13DF       13     27BE       0
                text37                              C74      C74       83     18E8       0
                text36                             12F5     12F5       11     25EA       0
                text35                              EBA      EBA       A0     1D74       0
                text34                              CF7      CF7       8E     19EE       0
                text33                             1747     1747       2A     2E8E       0
                text32                              6C0      6C0       C4        8       0
                text31                               5D       5D      39D        8       0
                text30                             15F7     15F7       1C     2BEE       0
                text29                             1051     1051        1     20A2       0
                text28                             16D6     16D6       23     2DAC       0
                text27                             1691     1691       22     2D22       0
                text26                             1052     1052        1     20A4       0
                text25                             1053     1053        1     20A6       0
                text24                             171E     171E       29     2E3C       0
                text23                             1613     1613       1C     2C26       0
                text22                             164F     164F       21     2C9E       0
                text21                             1670     1670       21     2CE0       0
                text20                             105D     105D        3     20BA       0
                text19                             1060     1060        3     20C0       0
                text18                             106B     106B        5     20D6       0
                text17                             1070     1070        5     20E0       0
                text16                             1771     1771       2B     2EE2       0
                text15                              882      882       40     1104       0
                text14                              BFB      BFB       79     17F6       0
                text13                             13A8     13A8       12     2750       0
                text12                              910      910       56     1220       0
                text11                             1075     1075        6     20EA       0
                text10                             107B     107B        6     20F6       0
                text9                              1522     1522       19     2A44       0
                text8                              10A5     10A5        A     214A       0
                text7                              1089     1089        8     2112       0
                text6                              156E     156E       1A     2ADC       0
                text5                              13BA     13BA       12     2774       0
                text4                              1067     1067        4     20CE       0
                text3                              1407     1407       15     280E       0
                text2                              153B     153B       19     2A76       0
                text1                               7FE      7FE        2        8       0
                maintext                            966      966       66     12CC       0
                cstackBANK0                          20       20       2F       20       1
                cstackCOMMON                         75       75        5       70       1
                cstackBANK1                          EF       EF        1       A0       1
                cstackBANK2                         16E      16E        2      120       1
                cstackBANK3                         1CE      1CE        1      1A0       1
                clrtext                            10DC     10DC        C     21B8       0
                bssBANK3                            1A0      1A0       2E      1A0       1
                bssBANK2                            120      120       48      120       1
                bssBANK1                             A0       A0       4F       A0       1
                bssBANK0                             4F       4F       21       20       1
                bssCOMMON                            70       70        5       70       1
                nvBANK2                             168      168        6      120       1
                stringtext7                        185A     185A        4     3000       0
                stringtext6                        1856     1856        4     3000       0
                stringtext5                        1852     1852        4     3000       0
                stringtext4                        184E     184E        4     3000       0
                stringtext3                        1835     1835       19     3000       0
                stringtext2                        181C     181C       19     3000       0
                stringtext1                        1800     1800       1C     3000       0

TOTAL           Name                               Link     Load   Length     Space
        CLASS   STACK          

        CLASS   CODE           
                end_init                             1C       1C        2         0
                cinit                                1E       1E       3F         0
                intentry                              4        4       18         0
                reset_vec                             0        0        2         0
                text135                            104F     104F        1         0
                text134                            10AF     10AF        B         0
                text133                            111C     111C        F         0
                text132                            10D0     10D0        C         0
                text131                            13CC     13CC       13         0
                text130                            15A3     15A3       1C         0
                text129                            112B     112B        F         0
                text128                            113A     113A        F         0
                text127                            1149     1149        F         0
                text126                            1158     1158        F         0
                text125                            1167     1167        F         0
                text124                            1176     1176        F         0
                text123                            1185     1185        F         0
                text122                            141C     141C       17         0
                text121                            1194     1194        F         0
                text120                            1433     1433       17         0
                text119                            11A3     11A3        F         0
                text118                            1293     1293       10         0
                text117                            11B2     11B2        F         0
                text116                            12A3     12A3       10         0
                text115                            1306     1306       12         0
                text114                            11C1     11C1        F         0
                text113                            1478     1478       18         0
                text112                            1318     1318       12         0
                text111                            11D0     11D0        F         0
                text110                            1490     1490       18         0
                text109                            11DF     11DF        F         0
                text108                            11EE     11EE        F         0
                text107                            11FD     11FD        F         0
                text106                            120C     120C        F         0
                text105                            121B     121B        F         0
                text104                            122A     122A        F         0
                text103                            1239     1239        F         0
                text102                            144A     144A       17         0
                text101                            1248     1248        F         0
                text100                            1461     1461       17         0
                text99                             1257     1257        F         0
                text98                             12B3     12B3       10         0
                text97                             1266     1266        F         0
                text96                             12C3     12C3       10         0
                text95                             132A     132A       12         0
                text94                             1275     1275        F         0
                text93                             14A8     14A8       18         0
                text92                             133C     133C       12         0
                text91                             1284     1284        F         0
                text90                             14C0     14C0       18         0
                text89                             1554     1554       1A         0
                text88                                2        2        2         0
                text87                             15BF     15BF       1C         0
                text86                             17C8     17C8       38         0
                text85                              9CC      9CC       6D         0
                text84                             14F0     14F0       19         0
                text83                             10E8     10E8        D         0
                text82                             16F9     16F9       25         0
                text81                             10F5     10F5        D         0
                text80                              784      784       7A         0
                text79                             1050     1050        1         0
                text78                              3FA      3FA      1F1         0
                text77                             10BA     10BA        B         0
                text76                             1063     1063        4         0
                text74                             12D3     12D3       11         0
                text73                             134E     134E       12         0
                text72                             1360     1360       12         0
                text71                              D85      D85       95         0
                text70                             1509     1509       19         0
                text69                              845      845       3D         0
                text68                             1054     1054        3         0
                text67                              AA6      AA6       70         0
                text66                              B16      B16       72         0
                text65                             1091     1091        A         0
                text64                              80B      80B       3A         0
                text63                              8C2      8C2       4E         0
                text62                             1102     1102        D         0
                text61                              5EB      5EB       D5         0
                text60                             16B3     16B3       23         0
                text59                             13F2     13F2       15         0
                text58                             109B     109B        A         0
                text57                             10C5     10C5        B         0
                text56                             1372     1372       12         0
                text55                             1384     1384       12         0
                text54                             12E4     12E4       11         0
                text53                             1588     1588       1B         0
                text52                              E1A      E1A       A0         0
                text51                             162F     162F       20         0
                text50                              A39      A39       6D         0
                text49                             15DB     15DB       1C         0
                text48                              800      800        B         0
                text47                             1081     1081        8         0
                text46                             179C     179C       2C         0
                text45                             110F     110F        D         0
                text44                             1057     1057        3         0
                text43                             14D8     14D8       18         0
                text42                              B88      B88       73         0
                text41                             105A     105A        3         0
                text40                             1396     1396       12         0
                text39                              F5A      F5A       A6         0
                text38                             13DF     13DF       13         0
                text37                              C74      C74       83         0
                text36                             12F5     12F5       11         0
                text35                              EBA      EBA       A0         0
                text34                              CF7      CF7       8E         0
                text33                             1747     1747       2A         0
                text32                              6C0      6C0       C4         0
                text31                               5D       5D      39D         0
                text30                             15F7     15F7       1C         0
                text29                             1051     1051        1         0
                text28                             16D6     16D6       23         0
                text27                             1691     1691       22         0
                text26                             1052     1052        1         0
                text25                             1053     1053        1         0
                text24                             171E     171E       29         0
                text23                             1613     1613       1C         0
                text22                             164F     164F       21         0
                text21                             1670     1670       21         0
                text20                             105D     105D        3         0
                text19                             1060     1060        3         0
                text18                             106B     106B        5         0
                text17                             1070     1070        5         0
                text16                             1771     1771       2B         0
                text15                              882      882       40         0
                text14                              BFB      BFB       79         0
                text13                             13A8     13A8       12         0
                text12                              910      910       56         0
                text11                             1075     1075        6         0
                text10                             107B     107B        6         0
                text9                              1522     1522       19         0
                text8                              10A5     10A5        A         0
                text7                              1089     1089        8         0
                text6                              156E     156E       1A         0
                text5                              13BA     13BA       12         0
                text4                              1067     1067        4         0
                text3                              1407     1407       15         0
                text2                              153B     153B       19         0
                text1                               7FE      7FE        2         0
                maintext                            966      966       66         0
                clrtext                            10DC     10DC        C         0

        CLASS   STRCODE        
                stringtext7                        185A     185A        4         0
                stringtext6                        1856     1856        4         0
                stringtext5                        1852     1852        4         0
                stringtext4                        184E     184E        4         0
                stringtext3                        1835     1835       19         0
                stringtext2                        181C     181C       19         0
                stringtext1                        1800     1800       1C         0

        CLASS   STRING         

        CLASS   CONST          

        CLASS   ENTRY          

        CLASS   COMMON         
                cstackCOMMON                         75       75        5         1
                bssCOMMON                            70       70        5         1

        CLASS   BANK0          
                cstackBANK0                          20       20       2F         1
                bssBANK0                             4F       4F       21         1

        CLASS   BANK1          
                cstackBANK1                          EF       EF        1         1
                bssBANK1                             A0       A0       4F         1

        CLASS   BANK2          
                cstackBANK2                         16E      16E        2         1
                bssBANK2                            120      120       48         1
                nvBANK2                             168      168        6         1

        CLASS   BANK3          
                cstackBANK3                         1CE      1CE        1         1
                bssBANK3                            1A0      1A0       2E         1

        CLASS   BANK4          

        CLASS   BANK5          

        CLASS   BANK6          

        CLASS   BIGRAM         

        CLASS   RAM            

        CLASS   ABS1           
                abs_s1                               7E       7E        2         1
                abs_s1                              1E8      1E8        8         1
                abs_s1                              220      220       50         1
                abs_s1                              2A0      2A0       50         1
                abs_s1                              320      320       10         1
                abs_s1                             2138     2138        0         1
                abs_s1                             2194     2194        0         1

        CLASS   SFR0           

        CLASS   SFR1           

        CLASS   SFR2           

        CLASS   SFR3           

        CLASS   SFR4           

        CLASS   SFR5           

        CLASS   SFR6           

        CLASS   SFR7           

        CLASS   SFR8           

        CLASS   SFR9           

        CLASS   SFR10          

        CLASS   SFR11          

        CLASS   SFR12          

        CLASS   SFR13          

        CLASS   SFR14          

        CLASS   SFR15          

        CLASS   SFR16          

        CLASS   SFR17          

        CLASS   SFR18          

        CLASS   SFR19          

        CLASS   SFR20          

        CLASS   SFR21          

        CLASS   SFR22          

        CLASS   SFR23          

        CLASS   SFR24          

        CLASS   SFR25          

        CLASS   SFR26          

        CLASS   SFR27          

        CLASS   SFR28          

        CLASS   SFR29          

        CLASS   SFR30          

        CLASS   SFR31          

        CLASS   CONFIG         
                config                             8007     8007        2         4

        CLASS   IDLOC          

        CLASS   BANK31         

        CLASS   BANK30         

        CLASS   BANK29         

        CLASS   BANK28         

        CLASS   BANK27         

        CLASS   BANK26         

        CLASS   BANK25         

        CLASS   BANK24         

        CLASS   BANK23         

        CLASS   BANK22         

        CLASS   BANK21         

        CLASS   BANK20         

        CLASS   BANK19         

        CLASS   BANK18         

        CLASS   BANK17         

        CLASS   BANK16         

        CLASS   BANK15         

        CLASS   BANK14         

        CLASS   BANK13         

        CLASS   BANK12         

        CLASS   BANK11         

        CLASS   BANK10         

        CLASS   BANK9          

        CLASS   BANK8          

        CLASS   BANK7          

        CLASS   EEDATA         



SEGMENTS        Name                           Load    Length   Top    Selector   Space  Class     Delta

                reset_vec                      000000  000004  000004         0       0  CODE        2
                intentry                       000004  0007FC  000800         8       0  CODE        2
                cstackBANK0                    000020  000050  000070        20       1  BANK0       1
                bssCOMMON                      000070  00000A  00007A        70       1  COMMON      1
                bssBANK1                       0000A0  000050  0000F0        A0       1  BANK1       1
                bssBANK2                       000120  000050  000170       120       1  BANK2       1
                bssBANK3                       0001A0  00002F  0001CF       1A0       1  BANK3       1
                text48                         000800  00000B  00080B      1000       0  CODE        2
                text64                         00080B  00003A  000845      1016       0  CODE        2
                text69                         000845  00003D  000882      108A       0  CODE        2
                text15                         000882  000040  0008C2      1104       0  CODE        2
                text63                         0008C2  00004E  000910      1184       0  CODE        2
                text12                         000910  000056  000966      1220       0  CODE        2
                maintext                       000966  000066  0009CC      12CC       0  CODE        2
                text85                         0009CC  00006D  000A39      1398       0  CODE        2
                text50                         000A39  00006D  000AA6      1472       0  CODE        2
                text67                         000AA6  000070  000B16      154C       0  CODE        2
                text66                         000B16  000072  000B88      162C       0  CODE        2
                text42                         000B88  000073  000BFB      1710       0  CODE        2
                text14                         000BFB  000079  000C74      17F6       0  CODE        2
                text37                         000C74  000083  000CF7      18E8       0  CODE        2
                text34                         000CF7  00008E  000D85      19EE       0  CODE        2
                text71                         000D85  000095  000E1A      1B0A       0  CODE        2
                text52                         000E1A  0000A0  000EBA      1C34       0  CODE        2
                text35                         000EBA  0000A0  000F5A      1D74       0  CODE        2
                text39                         000F5A  0000A6  001000      1EB4       0  CODE        2
                text135                        00104F  000001  001050      209E       0  CODE        2
                text79                         001050  000001  001051      20A0       0  CODE        2
                text29                         001051  000001  001052      20A2       0  CODE        2
                text26                         001052  000001  001053      20A4       0  CODE        2
                text25                         001053  000001  001054      20A6       0  CODE        2
                text68                         001054  000003  001057      20A8       0  CODE        2
                text44                         001057  000003  00105A      20AE       0  CODE        2
                text41                         00105A  000003  00105D      20B4       0  CODE        2
                text20                         00105D  000003  001060      20BA       0  CODE        2
                text19                         001060  000003  001063      20C0       0  CODE        2
                text76                         001063  000004  001067      20C6       0  CODE        2
                text4                          001067  000004  00106B      20CE       0  CODE        2
                text18                         00106B  000005  001070      20D6       0  CODE        2
                text17                         001070  000005  001075      20E0       0  CODE        2
                text11                         001075  000006  00107B      20EA       0  CODE        2
                text10                         00107B  000006  001081      20F6       0  CODE        2
                text47                         001081  000008  001089      2102       0  CODE        2
                text7                          001089  000008  001091      2112       0  CODE        2
                text65                         001091  00000A  00109B      2122       0  CODE        2
                text58                         00109B  00000A  0010A5      2136       0  CODE        2
                text8                          0010A5  00000A  0010AF      214A       0  CODE        2
                text134                        0010AF  00000B  0010BA      215E       0  CODE        2
                text77                         0010BA  00000B  0010C5      2174       0  CODE        2
                text57                         0010C5  00000B  0010D0      218A       0  CODE        2
                text132                        0010D0  00000C  0010DC      21A0       0  CODE        2
                clrtext                        0010DC  00000C  0010E8      21B8       0  CODE        2
                text83                         0010E8  00000D  0010F5      21D0       0  CODE        2
                text81                         0010F5  00000D  001102      21EA       0  CODE        2
                text62                         001102  00000D  00110F      2204       0  CODE        2
                text45                         00110F  00000D  00111C      221E       0  CODE        2
                text133                        00111C  00000F  00112B      2238       0  CODE        2
                text129                        00112B  00000F  00113A      2256       0  CODE        2
                text128                        00113A  00000F  001149      2274       0  CODE        2
                text127                        001149  00000F  001158      2292       0  CODE        2
                text126                        001158  00000F  001167      22B0       0  CODE        2
                text125                        001167  00000F  001176      22CE       0  CODE        2
                text124                        001176  00000F  001185      22EC       0  CODE        2
                text123                        001185  00000F  001194      230A       0  CODE        2
                text121                        001194  00000F  0011A3      2328       0  CODE        2
                text119                        0011A3  00000F  0011B2      2346       0  CODE        2
                text117                        0011B2  00000F  0011C1      2364       0  CODE        2
                text114                        0011C1  00000F  0011D0      2382       0  CODE        2
                text111                        0011D0  00000F  0011DF      23A0       0  CODE        2
                text109                        0011DF  00000F  0011EE      23BE       0  CODE        2
                text108                        0011EE  00000F  0011FD      23DC       0  CODE        2
                text107                        0011FD  00000F  00120C      23FA       0  CODE        2
                text106                        00120C  00000F  00121B      2418       0  CODE        2
                text105                        00121B  00000F  00122A      2436       0  CODE        2
                text104                        00122A  00000F  001239      2454       0  CODE        2
                text103                        001239  00000F  001248      2472       0  CODE        2
                text101                        001248  00000F  001257      2490       0  CODE        2
                text99                         001257  00000F  001266      24AE       0  CODE        2
                text97                         001266  00000F  001275      24CC       0  CODE        2
                text94                         001275  00000F  001284      24EA       0  CODE        2
                text91                         001284  00000F  001293      2508       0  CODE        2
                text118                        001293  000010  0012A3      2526       0  CODE        2
                text116                        0012A3  000010  0012B3      2546       0  CODE        2
                text98                         0012B3  000010  0012C3      2566       0  CODE        2
                text96                         0012C3  000010  0012D3      2586       0  CODE        2
                text74                         0012D3  000011  0012E4      25A6       0  CODE        2
                text54                         0012E4  000011  0012F5      25C8       0  CODE        2
                text36                         0012F5  000011  001306      25EA       0  CODE        2
                text115                        001306  000012  001318      260C       0  CODE        2
                text112                        001318  000012  00132A      2630       0  CODE        2
                text95                         00132A  000012  00133C      2654       0  CODE        2
                text92                         00133C  000012  00134E      2678       0  CODE        2
                text73                         00134E  000012  001360      269C       0  CODE        2
                text72                         001360  000012  001372      26C0       0  CODE        2
                text56                         001372  000012  001384      26E4       0  CODE        2
                text55                         001384  000012  001396      2708       0  CODE        2
                text40                         001396  000012  0013A8      272C       0  CODE        2
                text13                         0013A8  000012  0013BA      2750       0  CODE        2
                text5                          0013BA  000012  0013CC      2774       0  CODE        2
                text131                        0013CC  000013  0013DF      2798       0  CODE        2
                text38                         0013DF  000013  0013F2      27BE       0  CODE        2
                text59                         0013F2  000015  001407      27E4       0  CODE        2
                text3                          001407  000015  00141C      280E       0  CODE        2
                text122                        00141C  000017  001433      2838       0  CODE        2
                text120                        001433  000017  00144A      2866       0  CODE        2
                text102                        00144A  000017  001461      2894       0  CODE        2
                text100                        001461  000017  001478      28C2       0  CODE        2
                text113                        001478  000018  001490      28F0       0  CODE        2
                text110                        001490  000018  0014A8      2920       0  CODE        2
                text93                         0014A8  000018  0014C0      2950       0  CODE        2
                text90                         0014C0  000018  0014D8      2980       0  CODE        2
                text43                         0014D8  000018  0014F0      29B0       0  CODE        2
                text84                         0014F0  000019  001509      29E0       0  CODE        2
                text70                         001509  000019  001522      2A12       0  CODE        2
                text9                          001522  000019  00153B      2A44       0  CODE        2
                text2                          00153B  000019  001554      2A76       0  CODE        2
                text89                         001554  00001A  00156E      2AA8       0  CODE        2
                text6                          00156E  00001A  001588      2ADC       0  CODE        2
                text53                         001588  00001B  0015A3      2B10       0  CODE        2
                text130                        0015A3  00001C  0015BF      2B46       0  CODE        2
                text87                         0015BF  00001C  0015DB      2B7E       0  CODE        2
                text49                         0015DB  00001C  0015F7      2BB6       0  CODE        2
                text30                         0015F7  00001C  001613      2BEE       0  CODE        2
                text23                         001613  00001C  00162F      2C26       0  CODE        2
                text51                         00162F  000020  00164F      2C5E       0  CODE        2
                text22                         00164F  000021  001670      2C9E       0  CODE        2
                text21                         001670  000021  001691      2CE0       0  CODE        2
                text27                         001691  000022  0016B3      2D22       0  CODE        2
                text60                         0016B3  000023  0016D6      2D66       0  CODE        2
                text28                         0016D6  000023  0016F9      2DAC       0  CODE        2
                text82                         0016F9  000025  00171E      2DF2       0  CODE        2
                text24                         00171E  000029  001747      2E3C       0  CODE        2
                text33                         001747  00002A  001771      2E8E       0  CODE        2
                text16                         001771  00002B  00179C      2EE2       0  CODE        2
                text46                         00179C  00002C  0017C8      2F38       0  CODE        2
                text86                         0017C8  000038  001800      2F90       0  CODE        2
                stringtext1                    001800  00005E  00185E      3000       0  STRCODE     2


UNUSED ADDRESS RANGES

        Name                Unused          Largest block    Delta
        BANK3            001CF-001E7              19           1
        BIGRAM           02000-021EF             1F0           1
        CODE             01000-0104E              4F           2
                         0185E-01FFF             7A2
        COMMON           0007A-0007D               4           1
        CONST            01000-0104E              4F           2
                         0185E-01FFF             100
        ENTRY            01000-0104E              4F           2
                         0185E-01FFF             100
        IDLOC            08000-08003               4           2
        RAM              001CF-001E7              19           1
        SFR0             00000-0001F              20           1
        SFR1             00080-0009F              20           1
        SFR10            00500-0056F              70           1
        SFR11            00580-005EF              70           1
        SFR12            00600-0066F              70           1
        SFR13            00680-006EF              70           1
        SFR14            00700-0076F              70           1
        SFR15            00780-007EF              70           1
        SFR16            00800-0086F              70           1
        SFR17            00880-008EF              70           1
        SFR18            00900-0096F              70           1
        SFR19            00980-009EF              70           1
        SFR2             00100-0011F              20           1
        SFR20            00A00-00A6F              70           1
        SFR21            00A80-00AEF              70           1
        SFR22            00B00-00B6F              70           1
        SFR23            00B80-00BEF              70           1
        SFR24            00C00-00C6F              70           1
        SFR25            00C80-00CEF              70           1
        SFR26            00D00-00D6F              70           1
        SFR27            00D80-00DEF              70           1
        SFR28            00E00-00E6F              70           1
        SFR29            00E80-00EEF              70           1
        SFR3             00180-0019F              20           1
        SFR30            00F00-00F6F              70           1
        SFR31            00F80-00FEF              70           1
        SFR4             00200-0021F              20           1
        SFR5             00280-0029F              20           1
        SFR6             00300-0031F              20           1
        SFR7             00380-003EF              70           1
        SFR8             00400-0046F              70           1
        SFR9             00480-004EF              70           1
        STACK            0211F-02137              19           1
        STRCODE          01000-0104E              4F           2
                         0185E-01FFF             7A2
        STRING           01000-0104E              4F           2
                         0185E-01FFF             100

                                  Symbol Table

?___wmul                                          cstackBANK0  00020
ActivateHandPosition@motor_no                     cstackBANK0  00022
AfterDetectedLoadPosition@motor_no                cstackBANK0  0003D
AfterDetectedLoadPosition@move_steps              cstackBANK0  00044
AfterDetectedLoadPosition@res                     cstackBANK0  00043
CalcMotorStepCounter@motor_bit                    cstackBANK0  00037
CalcMotorStepCounter@motor_no                     cstackBANK0  0003A
CalcMotorStepCounter@steps                        cstackBANK0  00038
ComparatorOff@motor_no                            cstackCOMMON 00075
ComparatorOn@motor_no                             cstackCOMMON 00075
CorrectPosition@max                               cstackBANK0  00028
CorrectPosition@pos                               cstackBANK0  00026
DeactivateHandPosition@motor_no                   cstackBANK0  00022
DetermineBasePosition@base_pos_index              cstackBANK0  00037
DetermineBasePosition@load_pos_type               cstackBANK0  00035
DetermineBasePosition@motor_no                    cstackBANK0  00038
GetIsMotorActive@motor_no                         cstackBANK0  00022
GetIsMotorActive@res                              cstackBANK0  00023
InitPositionSearch@i                              cstackBANK0  0002E
InitPositionSearch@motor_no                       cstackBANK0  0002F
InitPulsePositionTable@motor_no                   cstackBANK0  00021
MoveTargetPosition@motor_no                       cstackBANK0  0003C
PriorUpdateCorrentPosition@motor_no               cstackBANK0  0002F
SPIControl_ExecuteCommand@cmd_type                cstackBANK0  00043
SPIControl_ExecuteCommand@motor_select            cstackBANK0  00044
SPI_Open@spiUniqueConfiguration                   cstackBANK0  00023
SaveLoadPosition@i                                cstackBANK0  00037
SaveLoadPosition@motor_no                         cstackBANK0  00036
SetAfterDetectLoadFunc@func                       cstackBANK0  00020
SetAfterDetectLoadFunc@motor_no                   cstackBANK0  00022
SetAfterMotorStopFunc@func                        cstackBANK0  00020
SetAfterMotorStopFunc@motor_no                    cstackBANK0  00022
SetDriveType@drive_type                           cstackBANK0  00020
SetDriveType@motor_no                             cstackBANK0  00023
SetFwdPulseWithCorrectProc@motor_bit              cstackBANK0  00040
SetFwdPulseWithCorrectProc@motor_no               cstackBANK0  0003D
SetMotorAddShakePulse@motor_no                    cstackBANK0  00023
SetMotorAddShakePulse@sw                          cstackBANK0  00020
SetMotorBitMotorNo@motor_no                       cstackBANK0  00022
SetMotorCorrectPositionStart@motor_no             cstackBANK0  00032
SetMotorDirection@dir                             cstackBANK0  00020
SetMotorDirection@motor_no                        cstackBANK0  00023
SetMotorDisableExcitating@motor_no                cstackBANK0  00022
SetMotorEnableExcitating@motor_no                 cstackBANK0  00022
SetMotorFrequency@motor_no                        cstackBANK0  00023
SetMotorFrequency@set_freq                        cstackBANK0  00021
SetMotorFrequency@type                            cstackBANK0  00020
SetMotorPositionSearchStart@motor_no              cstackBANK0  00030
SetMotorStart@motor_no                            cstackBANK0  00021
SetMotorStepCounter@motor_no                      cstackBANK0  00032
SetMotorStepCounter@steps                         cstackBANK0  00030
SetMotorStop@motor_no                             cstackBANK0  00022
SpiCmdFunc_DisableExcitating@motor_no             cstackBANK0  0003D
SpiCmdFunc_EnableExcitating@motor_no              cstackBANK0  0003D
SpiCmdFunc_FwdPulseNormal@motor_no                cstackBANK0  0003D
SpiCmdFunc_FwdPulsePositionCtl@motor_no           cstackBANK0  0003D
SpiCmdFunc_FwdPulseWithCorrect@motor_no           cstackBANK0  0003D
SpiCmdFunc_RevPulseNormal@motor_no                cstackBANK0  0003D
SpiCmdFunc_RevPulsePositionCtl@motor_no           cstackBANK0  0003D
SpiCmdFunc_Search1008Position@motor_no            cstackBANK0  0003D
SpiCmdFunc_SearchBasePosition@motor_no            cstackBANK0  0003D
TMR1_SetInterruptHandler@InterruptHandler         cstackBANK0  00020
TMR1_WriteTimer@timerVal                          cstackCOMMON 00075
TMR2_SetInterruptHandler@InterruptHandler         cstackBANK0  00020
UpdataHandPosition@i                              cstackBANK0  00037
UpdataHandPosition@motor_no                       cstackBANK0  00038
UpdateCurrentPositionByFinePosition@diff          cstackBANK0  0002E
UpdateCurrentPositionByFinePosition@i             cstackBANK0  00030
UpdateCurrentPositionByFinePosition@motor_no      cstackBANK0  00031
UpdateTargetPosition@motor_no                     cstackBANK0  00031
UpdateTargetPosition@steps                        cstackBANK0  0002D
VerifyHandPosition_LoadPosition@curt_pos          cstackBANK0  00049
VerifyHandPosition_LoadPosition@i                 cstackBANK0  0004B
VerifyHandPosition_LoadPosition@load_pos          cstackBANK0  0004C
VerifyHandPosition_LoadPosition@misalignment_flag cstackBANK0  00048
VerifyHandPosition_LoadPosition@motor_no          cstackBANK0  0003D
VerifyHandPosition_LoadPosition@remain_steps      cstackBANK0  00046
VrsCheck@motor_no                                 cstackCOMMON 00076
WatchMotorDriveFinish@func                        cstackBANK2  0016E
_ANSELA                                           (abs)        0018C
_ANSELB                                           (abs)        0018D
_ANSELC                                           (abs)        0018E
_APFCON                                           (abs)        0011D
_ActivateHandPosition                             text40       01396
_AfterDetectedLoadPosition                        text31       0005D
_BORCON                                           (abs)        00116
_CM1CON0                                          (abs)        00111
_CM1CON1                                          (abs)        00112
_CM2CON0                                          (abs)        00113
_CM2CON1                                          (abs)        00114
_CalcMotorStepCounter                             text61       005EB
_ComparatorOff                                    text131      013CC
_ComparatorOn                                     text130      015A3
_CorrectPosition                                  text64       0080B
_DACCON0                                          (abs)        00118
_DACCON1                                          (abs)        00119
_DAC_Initialize                                   text11       01075
_DeactivateHandPosition                           text55       01384
_DetermineBasePosition                            text39       00F5A
_ExcitatingOutOff                                 text83       010E8
_ExcitatingOutOn                                  text82       016F9
_GetIsMotorActive                                 text59       013F2
_INTCONbits                                       (abs)        0000B
_INTERRUPT_InterruptManager                       intentry     00004
_InitPositionSearch                               text52       00E1A
_InitPulsePositionTable                           text74       012D3
_LATA                                             (abs)        0010C
_LATB                                             (abs)        0010D
_LATC                                             (abs)        0010E
_LATC0                                            (abs)        00870
_MoveTargetPosition                               text38       013DF
_OPTION_REGbits                                   (abs)        00095
_OSCCON                                           (abs)        00099
_OSCILLATOR_Initialize                            text10       0107B
_OutRequestFlug                                   bssBANK1     000D6
_OutTrisRequestFlug                               bssBANK1     000D5
_PIE1bits                                         (abs)        00091
_PIN_MANAGER_Initialize                           text9        01522
_PIR1bits                                         (abs)        00011
_PIR2bits                                         (abs)        00012
_PR2                                              (abs)        0001B
_PriorUpdateCorrentPosition                       text63       008C2
_SPIControl_ExecuteCommand                        text42       00B88
_SPIControl_RecieveComannd                        text13       013A8
_SPIControl_SetNotification                       text30       015F7
_SPI_Initialize                                   text8        010A5
_SPI_Open                                         text12       00910
_SPI_ReadByte                                     text41       0105A
_SSP1ADD                                          (abs)        00212
_SSP1BUF                                          (abs)        00211
_SSP1CON1                                         (abs)        00215
_SSP1CON1bits                                     (abs)        00215
_SSP1CON2                                         (abs)        00216
_SSP1STAT                                         (abs)        00214
_SYSTEM_Initialize                                text3        01407
_SaveLoadPosition                                 text37       00C74
_SetAfterDetectLoadFunc                           text57       010C5
_SetAfterMotorStopFunc                            text58       0109B
_SetDataTRISxWork_M0_SPK_POL0_OPEN                text114      011C1
_SetDataTRISxWork_M0_SPK_POL0_SHORT               text113      01478
_SetDataTRISxWork_M0_SPK_POL1_OPEN                text111      011D0
_SetDataTRISxWork_M0_SPK_POL1_SHORT               text110      01490
_SetDataTRISxWork_M1_SPK_POL0_OPEN                text94       01275
_SetDataTRISxWork_M1_SPK_POL0_SHORT               text93       014A8
_SetDataTRISxWork_M1_SPK_POL1_OPEN                text91       01284
_SetDataTRISxWork_M1_SPK_POL1_SHORT               text90       014C0
_SetDataTRISxWork_SPK_OPEN                        text86       017C8
_SetDataTRISxWork_SPK_SHORT                       text87       015BF
_SetDriveType                                     text71       00D85
_SetExcitatingOutOffData                          text49       015DB
_SetFwdPulseWithCorrectProc                       text15       00882
_SetMotorAddShakePulse                            text2        0153B
_SetMotorBitMotorNo                               text36       012F5
_SetMotorCorrectPositionStart                     text33       01747
_SetMotorDirection                                text70       01509
_SetMotorDisableExcitating                        text73       0134E
_SetMotorEnableExcitating                         text72       01360
_SetMotorFrequency                                text69       00845
_SetMotorPositionSearchStart                      text51       0162F
_SetMotorStart                                    text65       01091
_SetMotorStartSPK                                 text46       0179C
_SetMotorStepCounter                              text62       01102
_SetMotorStop                                     text56       01372
_SetMotorStopSPK                                  text43       014D8
_SetOutPutLATX                                    text50       00A39
_SetPulseOutLATxWork_M0_FWD_POL0_OFF              text122      0141C
_SetPulseOutLATxWork_M0_FWD_POL0_P1               text126      01158
_SetPulseOutLATxWork_M0_FWD_POL0_P2               text123      01185
_SetPulseOutLATxWork_M0_FWD_POL1_OFF              text120      01433
_SetPulseOutLATxWork_M0_FWD_POL1_P1               text127      01149
_SetPulseOutLATxWork_M0_FWD_POL1_P2               text121      01194
_SetPulseOutLATxWork_M0_REV_POL0_OFF              text118      01293
_SetPulseOutLATxWork_M0_REV_POL0_P1               text124      01176
_SetPulseOutLATxWork_M0_REV_POL0_P2               text119      011A3
_SetPulseOutLATxWork_M0_REV_POL1_OFF              text116      012A3
_SetPulseOutLATxWork_M0_REV_POL1_P1               text125      01167
_SetPulseOutLATxWork_M0_REV_POL1_P2               text117      011B2
_SetPulseOutLATxWork_M0_SHAKE_POL0_OFF            text115      01306
_SetPulseOutLATxWork_M0_SHAKE_POL0_P0             text128      0113A
_SetPulseOutLATxWork_M0_SHAKE_POL1_OFF            text112      01318
_SetPulseOutLATxWork_M0_SHAKE_POL1_P0             text129      0112B
_SetPulseOutLATxWork_M1_FWD_POL0_OFF              text102      0144A
_SetPulseOutLATxWork_M1_FWD_POL0_P1               text106      0120C
_SetPulseOutLATxWork_M1_FWD_POL0_P2               text103      01239
_SetPulseOutLATxWork_M1_FWD_POL1_OFF              text100      01461
_SetPulseOutLATxWork_M1_FWD_POL1_P1               text107      011FD
_SetPulseOutLATxWork_M1_FWD_POL1_P2               text101      01248
_SetPulseOutLATxWork_M1_REV_POL0_OFF              text98       012B3
_SetPulseOutLATxWork_M1_REV_POL0_P1               text104      0122A
_SetPulseOutLATxWork_M1_REV_POL0_P2               text99       01257
_SetPulseOutLATxWork_M1_REV_POL1_OFF              text96       012C3
_SetPulseOutLATxWork_M1_REV_POL1_P1               text105      0121B
_SetPulseOutLATxWork_M1_REV_POL1_P2               text97       01266
_SetPulseOutLATxWork_M1_SHAKE_POL0_OFF            text95       0132A
_SetPulseOutLATxWork_M1_SHAKE_POL0_P0             text108      011EE
_SetPulseOutLATxWork_M1_SHAKE_POL1_OFF            text92       0133C
_SetPulseOutLATxWork_M1_SHAKE_POL1_P0             text109      011DF
_SpiCmdFunc_DisableExcitating                     text17       01070
_SpiCmdFunc_EnableExcitating                      text18       0106B
_SpiCmdFunc_FwdPulseNormal                        text28       016D6
_SpiCmdFunc_FwdPulsePositionCtl                   text22       0164F
_SpiCmdFunc_FwdPulseWithCorrect                   text23       01613
_SpiCmdFunc_FwdPulseWithShake                     text26       01052
_SpiCmdFunc_RevPulseNormal                        text27       01691
_SpiCmdFunc_RevPulsePositionCtl                   text21       01670
_SpiCmdFunc_Search1008Position                    text16       01771
_SpiCmdFunc_SearchBasePosition                    text24       0171E
_SpiCmdFunc_SearchLoadPosition                    text25       01053
_SpiCmdFunc_StartDetectVrs                        text20       0105D
_SpiCmdFunc_StopDetectVrs                         text19       01060
_SpiCmdFunc_Test                                  text29       01051
_SpiCmmandFunction                                stringtext1  01800
_SpkComparatorOff                                 text45       0110F
_SpkComparatorOn                                  text48       00800
_SpkVrsCheck                                      text81       010F5
_StartPulseOutM0                                  text67       00AA6
_StartPulseOutM1                                  text66       00B16
_T1CON                                            (abs)        00018
_T1CONbits                                        (abs)        00018
_T1GCON                                           (abs)        00019
_T2CON                                            (abs)        0001C
_T2CONbits                                        (abs)        0001C
_TMR1H                                            (abs)        00017
_TMR1L                                            (abs)        00016
_TMR1_CallBack                                    text134      010AF
_TMR1_DefaultInterruptHandler                     text135      0104F
_TMR1_ISR                                         text132      010D0
_TMR1_Initialize                                  text6        0156E
_TMR1_InterruptHandler                            nvBANK2      00168
_TMR1_SetInterruptHandler                         text7        01089
_TMR1_StopTimer                                   text1        007FE
_TMR1_WriteTimer                                  text133      0111C
_TMR2                                             (abs)        0001A
_TMR2_CallBack                                    text77       010BA
_TMR2_DefaultInterruptHandler                     text79       01050
_TMR2_ISR                                         text76       01063
_TMR2_Initialize                                  text5        013BA
_TMR2_Interrupt                                   text78       003FA
_TMR2_InterruptHandler                            nvBANK2      0016C
_TMR2_Interrupt_SPK                               text80       00784
_TMR2_SetInterruptHandler                         text47       01081
_TMR2_StartTimer                                  text68       01054
_TMR2_StopTimer                                   text44       01057
_TRISA                                            (abs)        0008C
_TRISB                                            (abs)        0008D
_TRISBbits                                        (abs)        0008D
_TRISC                                            (abs)        0008E
_TblM0PulseChangePosition                         stringtext3  01835
_TblM0PulseChangePositionLast                     bssBANK1     000EC
_TblM1PulseChangePosition                         stringtext2  0181C
_TblM1PulseChangePositionLast                     bssBANK1     000EB
_TblMaxSearchSteps                                stringtext5  01852
_TblMaxSteps                                      stringtext6  01856
_UpdataHandPosition                               text35       00EBA
_UpdateCurrentPositionByFinePosition              text34       00CF7
_UpdateTargetPosition                             text60       016B3
_VerifyHandPosition_LoadPosition                  text32       006C0
_VrsCheck                                         text89       01554
_WDTCON                                           (abs)        00097
_WDT_Initialize                                   text4        01067
_WPUA                                             (abs)        0020C
_WPUB                                             (abs)        0020D
_WatchMotorDriveFinish                            text14       00BFB
__Habs1                                           abs1         00000
__Hbank0                                          bank0        00000
__Hbank1                                          bank1        00000
__Hbank10                                         bank10       00000
__Hbank11                                         bank11       00000
__Hbank12                                         bank12       00000
__Hbank13                                         bank13       00000
__Hbank14                                         bank14       00000
__Hbank15                                         bank15       00000
__Hbank16                                         bank16       00000
__Hbank17                                         bank17       00000
__Hbank18                                         bank18       00000
__Hbank19                                         bank19       00000
__Hbank2                                          bank2        00000
__Hbank20                                         bank20       00000
__Hbank21                                         bank21       00000
__Hbank22                                         bank22       00000
__Hbank23                                         bank23       00000
__Hbank24                                         bank24       00000
__Hbank25                                         bank25       00000
__Hbank26                                         bank26       00000
__Hbank27                                         bank27       00000
__Hbank28                                         bank28       00000
__Hbank29                                         bank29       00000
__Hbank3                                          bank3        00000
__Hbank30                                         bank30       00000
__Hbank31                                         bank31       00000
__Hbank4                                          bank4        00000
__Hbank5                                          bank5        00000
__Hbank6                                          bank6        00000
__Hbank7                                          bank7        00000
__Hbank8                                          bank8        00000
__Hbank9                                          bank9        00000
__Hbigram                                         bigram       00000
__HbssBANK0                                       bssBANK0     00000
__HbssBANK1                                       bssBANK1     00000
__HbssBANK2                                       bssBANK2     00000
__HbssBANK3                                       bssBANK3     00000
__HbssCOMMON                                      bssCOMMON    00000
__Hcinit                                          cinit        0005D
__Hclrtext                                        clrtext      00000
__Hcode                                           code         00000
__Hcommon                                         common       00000
__Hconfig                                         config       08009
__HcstackBANK0                                    cstackBANK0  00000
__HcstackBANK1                                    cstackBANK1  00000
__HcstackBANK2                                    cstackBANK2  00000
__HcstackBANK3                                    cstackBANK3  00000
__HcstackCOMMON                                   cstackCOMMON 00000
__Heeprom_data                                    eeprom_data  00000
__Hend_init                                       end_init     0001E
__Hfunctab                                        functab      00000
__Hinit                                           init         0001C
__Hintentry                                       intentry     0001C
__Hmaintext                                       maintext     00000
__HnvBANK2                                        nvBANK2      00000
__Hpowerup                                        powerup      00000
__Hram                                            ram          00000
__Hreset_vec                                      reset_vec    00002
__Hsfr0                                           sfr0         00000
__Hsfr1                                           sfr1         00000
__Hsfr10                                          sfr10        00000
__Hsfr11                                          sfr11        00000
__Hsfr12                                          sfr12        00000
__Hsfr13                                          sfr13        00000
__Hsfr14                                          sfr14        00000
__Hsfr15                                          sfr15        00000
__Hsfr16                                          sfr16        00000
__Hsfr17                                          sfr17        00000
__Hsfr18                                          sfr18        00000
__Hsfr19                                          sfr19        00000
__Hsfr2                                           sfr2         00000
__Hsfr20                                          sfr20        00000
__Hsfr21                                          sfr21        00000
__Hsfr22                                          sfr22        00000
__Hsfr23                                          sfr23        00000
__Hsfr24                                          sfr24        00000
__Hsfr25                                          sfr25        00000
__Hsfr26                                          sfr26        00000
__Hsfr27                                          sfr27        00000
__Hsfr28                                          sfr28        00000
__Hsfr29                                          sfr29        00000
__Hsfr3                                           sfr3         00000
__Hsfr30                                          sfr30        00000
__Hsfr31                                          sfr31        00000
__Hsfr4                                           sfr4         00000
__Hsfr5                                           sfr5         00000
__Hsfr6                                           sfr6         00000
__Hsfr7                                           sfr7         00000
__Hsfr8                                           sfr8         00000
__Hsfr9                                           sfr9         00000
__Hspace_0                                        (abs)        0185E
__Hspace_1                                        (abs)        001CF
__Hspace_2                                        (abs)        00000
__Hspace_3                                        (abs)        00000
__Hspace_4                                        (abs)        10010
__Hstack                                          stack        00000
__Hstrings                                        strings      00000
__Hstringtext1                                    stringtext1  00000
__Hstringtext2                                    stringtext2  00000
__Hstringtext3                                    stringtext3  00000
__Hstringtext4                                    stringtext4  00000
__Hstringtext5                                    stringtext5  00000
__Hstringtext6                                    stringtext6  00000
__Hstringtext7                                    stringtext7  00000
__Htext                                           text         00000
__Labs1                                           abs1         00000
__Lbank0                                          bank0        00000
__Lbank1                                          bank1        00000
__Lbank10                                         bank10       00000
__Lbank11                                         bank11       00000
__Lbank12                                         bank12       00000
__Lbank13                                         bank13       00000
__Lbank14                                         bank14       00000
__Lbank15                                         bank15       00000
__Lbank16                                         bank16       00000
__Lbank17                                         bank17       00000
__Lbank18                                         bank18       00000
__Lbank19                                         bank19       00000
__Lbank2                                          bank2        00000
__Lbank20                                         bank20       00000
__Lbank21                                         bank21       00000
__Lbank22                                         bank22       00000
__Lbank23                                         bank23       00000
__Lbank24                                         bank24       00000
__Lbank25                                         bank25       00000
__Lbank26                                         bank26       00000
__Lbank27                                         bank27       00000
__Lbank28                                         bank28       00000
__Lbank29                                         bank29       00000
__Lbank3                                          bank3        00000
__Lbank30                                         bank30       00000
__Lbank31                                         bank31       00000
__Lbank4                                          bank4        00000
__Lbank5                                          bank5        00000
__Lbank6                                          bank6        00000
__Lbank7                                          bank7        00000
__Lbank8                                          bank8        00000
__Lbank9                                          bank9        00000
__Lbigram                                         bigram       00000
__LbssBANK0                                       bssBANK0     00000
__LbssBANK1                                       bssBANK1     00000
__LbssBANK2                                       bssBANK2     00000
__LbssBANK3                                       bssBANK3     00000
__LbssCOMMON                                      bssCOMMON    00000
__Lcinit                                          cinit        0001E
__Lclrtext                                        clrtext      00000
__Lcode                                           code         00000
__Lcommon                                         common       00000
__Lconfig                                         config       00000
__LcstackBANK0                                    cstackBANK0  00000
__LcstackBANK1                                    cstackBANK1  00000
__LcstackBANK2                                    cstackBANK2  00000
__LcstackBANK3                                    cstackBANK3  00000
__LcstackCOMMON                                   cstackCOMMON 00000
__Leeprom_data                                    eeprom_data  00000
__Lend_init                                       end_init     0001C
__Lfunctab                                        functab      00000
__Linit                                           init         0001C
__Lintentry                                       intentry     00004
[...]


 *************** function _SetPulseOutLATxWork_M0_FWD_POL0_P1 *****************
 Defined at:
		line 3014 in file "MotorDrive.c"
 Parameters:    Size  Location     Type
		None
 Auto vars:     Size  Location     Type
		None
 Return value:  Size  Location     Type
                  1    wreg      void 
 Registers used:
		wreg, status,2
 Tracked objects:
		On entry : 
		On exit  : 
		Unchanged: 
 Data sizes:     COMMON   BANK0   BANK1   BANK2   BANK3   BANK4   BANK5   BANK6
      Params:         0       0       0       0       0       0       0       0
      Locals:         0       0       0       0       0       0       0       0
      Temps:          1       0       0       0       0       0       0       0
      Totals:         1       0       0       0       0       0       0       0
Total ram usage:        1 bytes
 Hardware stack levels used:    1
 This function calls:
		Nothing
 This function is called by:
		_StartPulseOutM0
		_SetPulseOutLATxWork_M0_FWD_POL1_OFF
		_SetDataTRISxWork_M0_SPK_POL0_SHORT
		_TMR2_Interrupt
 This function uses a non-reentrant model


 *************** function _SetPulseOutLATxWork_M0_FWD_POL1_P1 *****************
 Defined at:
		line 3059 in file "MotorDrive.c"
 Parameters:    Size  Location     Type
		None
 Auto vars:     Size  Location     Type
		None
 Return value:  Size  Location     Type
                  1    wreg      void 
 Registers used:
		wreg, status,2
 Tracked objects:
		On entry : 
		On exit  : 
		Unchanged: 
 Data sizes:     COMMON   BANK0   BANK1   BANK2   BANK3   BANK4   BANK5   BANK6
      Params:         0       0       0       0       0       0       0       0
      Locals:         0       0       0       0       0       0       0       0
      Temps:          1       0       0       0       0       0       0       0
      Totals:         1       0       0       0       0       0       0       0
Total ram usage:        1 bytes
 Hardware stack levels used:    1
 This function calls:
		Nothing
 This function is called by:
		_StartPulseOutM0
		_SetPulseOutLATxWork_M0_FWD_POL0_OFF
		_SetDataTRISxWork_M0_SPK_POL1_SHORT
		_TMR2_Interrupt
 This function uses a non-reentrant model


 *************** function _SetPulseOutLATxWork_M0_SHAKE_POL0_P0 *****************
 Defined at:
		line 3353 in file "MotorDrive.c"
 Parameters:    Size  Location     Type
		None
 Auto vars:     Size  Location     Type
		None
 Return value:  Size  Location     Type
                  1    wreg      void 
 Registers used:
		wreg, status,2
 Tracked objects:
		On entry : 
		On exit  : 
		Unchanged: 
 Data sizes:     COMMON   BANK0   BANK1   BANK2   BANK3   BANK4   BANK5   BANK6
      Params:         0       0       0       0       0       0       0       0
      Locals:         0       0       0       0       0       0       0       0
      Temps:          1       0       0       0       0       0       0       0
      Totals:         1       0       0       0       0       0       0       0
Total ram usage:        1 bytes
 Hardware stack levels used:    1
 This function calls:
		Nothing
 This function is called by:
		_StartPulseOutM0
		_SetPulseOutLATxWork_M0_FWD_POL1_OFF
		_TMR2_Interrupt
 This function uses a non-reentrant model


 *************** function _SetPulseOutLATxWork_M0_SHAKE_POL1_P0 *****************
 Defined at:
		line 3416 in file "MotorDrive.c"
 Parameters:    Size  Location     Type
		None
 Auto vars:     Size  Location     Type
		None
 Return value:  Size  Location     Type
                  1    wreg      void 
 Registers used:
		wreg, status,2
 Tracked objects:
		On entry : 
		On exit  : 
		Unchanged: 
 Data sizes:     COMMON   BANK0   BANK1   BANK2   BANK3   BANK4   BANK5   BANK6
      Params:         0       0       0       0       0       0       0       0
      Locals:         0       0       0       0       0       0       0       0
      Temps:          1       0       0       0       0       0       0       0
      Totals:         1       0       0       0       0       0       0       0
Total ram usage:        1 bytes
 Hardware stack levels used:    1
 This function calls:
		Nothing
 This function is called by:
		_StartPulseOutM0
		_SetPulseOutLATxWork_M0_FWD_POL0_OFF
		_TMR2_Interrupt
 This function uses a non-reentrant model


 *************** function _ComparatorOn *****************
 Defined at:
		line 2682 in file "MotorDrive.c"
 Parameters:    Size  Location     Type
  motor_no        1    wreg     unsigned char 
 Auto vars:     Size  Location     Type
  motor_no        1    0[COMMON] unsigned char 
 Return value:  Size  Location     Type
                  1    wreg      void 
 Registers used:
		wreg, status,2, status,0
 Tracked objects:
		On entry : 
		On exit  : 
		Unchanged: 
 Data sizes:     COMMON   BANK0   BANK1   BANK2   BANK3   BANK4   BANK5   BANK6
      Params:         0       0       0       0       0       0       0       0
      Locals:         1       0       0       0       0       0       0       0
      Temps:          0       0       0       0       0       0       0       0
      Totals:         1       0       0       0       0       0       0       0
Total ram usage:        1 bytes
 Hardware stack levels used:    1
 This function calls:
		Nothing
 This function is called by:
		_TMR2_Interrupt
 This function uses a non-reentrant model


 *************** function _ComparatorOff *****************
 Defined at:
		line 2663 in file "MotorDrive.c"
 Parameters:    Size  Location     Type
  motor_no        1    wreg     unsigned char 
 Auto vars:     Size  Location     Type
  motor_no        1    0[COMMON] unsigned char 
 Return value:  Size  Location     Type
                  1    wreg      void 
 Registers used:
		wreg, status,2, status,0
 Tracked objects:
		On entry : 
		On exit  : 
		Unchanged: 
 Data sizes:     COMMON   BANK0   BANK1   BANK2   BANK3   BANK4   BANK5   BANK6
      Params:         0       0       0       0       0       0       0       0
      Locals:         1       0       0       0       0       0       0       0
      Temps:          0       0       0       0       0       0       0       0
      Totals:         1       0       0       0       0       0       0       0
Total ram usage:        1 bytes
 Hardware stack levels used:    1
 This function calls:
		Nothing
 This function is called by:
		_TMR2_Interrupt
 This function uses a non-reentrant model


 *************** function _TMR1_ISR *****************
 Defined at:
		line 157 in file "mcc_generated_files/tmr1.c"
 Parameters:    Size  Location     Type
		None
 Auto vars:     Size  Location     Type
		None
 Return value:  Size  Location     Type
                  1    wreg      void 
 Registers used:
		wreg, status,2, status,0, pclath, cstack
 Tracked objects:
		On entry : 
		On exit  : 
		Unchanged: 
 Data sizes:     COMMON   BANK0   BANK1   BANK2   BANK3   BANK4   BANK5   BANK6
      Params:         0       0       0       0       0       0       0       0
      Locals:         0       0       0       0       0       0       0       0
      Temps:          0       0       0       0       0       0       0       0
      Totals:         0       0       0       0       0       0       0       0
Total ram usage:        0 bytes
 Hardware stack levels used:    1
 Hardware stack levels required when called:    2
 This function calls:
		_TMR1_CallBack
		_TMR1_WriteTimer
 This function is called by:
		_INTERRUPT_InterruptManager
 This function uses a non-reentrant model


 *************** function _TMR1_WriteTimer *****************
 Defined at:
		line 120 in file "mcc_generated_files/tmr1.c"
 Parameters:    Size  Location     Type
  timerVal        2    0[COMMON] unsigned short 
 Auto vars:     Size  Location     Type
		None
 Return value:  Size  Location     Type
                  1    wreg      void 
 Registers used:
		wreg
 Tracked objects:
		On entry : 
		On exit  : 
		Unchanged: 
 Data sizes:     COMMON   BANK0   BANK1   BANK2   BANK3   BANK4   BANK5   BANK6
      Params:         2       0       0       0       0       0       0       0
      Locals:         0       0       0       0       0       0       0       0
      Temps:          0       0       0       0       0       0       0       0
      Totals:         2       0       0       0       0       0       0       0
Total ram usage:        2 bytes
 Hardware stack levels used:    1
 This function calls:
		Nothing
 This function is called by:
		_TMR1_ISR
 This function uses a non-reentrant model


 *************** function _TMR1_CallBack *****************
 Defined at:
		line 169 in file "mcc_generated_files/tmr1.c"
 Parameters:    Size  Location     Type
		None
 Auto vars:     Size  Location     Type
		None
 Return value:  Size  Location     Type
                  1    wreg      void 
 Registers used:
		wreg, status,2, status,0, pclath, cstack
 Tracked objects:
		On entry : 
		On exit  : 
		Unchanged: 
 Data sizes:     COMMON   BANK0   BANK1   BANK2   BANK3   BANK4   BANK5   BANK6
      Params:         0       0       0       0       0       0       0       0
      Locals:         0       0       0       0       0       0       0       0
      Temps:          0       0       0       0       0       0       0       0
      Totals:         0       0       0       0       0       0       0       0
Total ram usage:        0 bytes
 Hardware stack levels used:    1
 Hardware stack levels required when called:    1
 This function calls:
		Absolute function
		_TMR1_DefaultInterruptHandler
 This function is called by:
		_TMR1_ISR
 This function uses a non-reentrant model


 *************** function _TMR1_DefaultInterruptHandler *****************
 Defined at:
		line 182 in file "mcc_generated_files/tmr1.c"
 Parameters:    Size  Location     Type
		None
 Auto vars:     Size  Location     Type
		None
 Return value:  Size  Location     Type
                  1    wreg      void 
 Registers used:
		None
 Tracked objects:
		On entry : 
		On exit  : 
		Unchanged: 
 Data sizes:     COMMON   BANK0   BANK1   BANK2   BANK3   BANK4   BANK5   BANK6
      Params:         0       0       0       0       0       0       0       0
      Locals:         0       0       0       0       0       0       0       0
      Temps:          0       0       0       0       0       0       0       0
      Totals:         0       0       0       0       0       0       0       0
Total ram usage:        0 bytes
 Hardware stack levels used:    1
 This function calls:
		Nothing
 This function is called by:
		_TMR1_Initialize
		_TMR1_CallBack
 This function uses a non-reentrant model



MODULE INFORMATION

Module		Function		Class		Link	Load	Size
mcc_generated_files/tmr2.c
		_TMR2_ISR      		CODE           	1063	0000	5
		_TMR2_Initialize		CODE           	13BA	0000	19
		_TMR2_SetInterruptHandler		CODE           	1081	0000	9
		_TMR2_StopTimer		CODE           	1057	0000	4
		_TMR2_DefaultInterruptHandler		CODE           	1050	0000	2
		_TMR2_CallBack 		CODE           	10BA	0000	12
		_TMR2_StartTimer		CODE           	1054	0000	4

mcc_generated_files/tmr2.c estimated size: 55

mcc_generated_files/interrupt_manager.c
		_INTERRUPT_InterruptManager		CODE           	0004	0000	25

mcc_generated_files/interrupt_manager.c estimated size: 25

C:\Program Files\Microchip\xc8\v2.20\pic\sources\c99\common\Umul16.c
		___wmul        		CODE           	1588	0000	28

C:\Program Files\Microchip\xc8\v2.20\pic\sources\c99\common\Umul16.c estimated size: 28

mcc_generated_files/pin_manager.c
		_PIN_MANAGER_Initialize		CODE           	1522	0000	26

mcc_generated_files/pin_manager.c estimated size: 26

spi_control.c
		_SpiCmdFunc_EnableExcitating		CODE           	106B	0000	6
		_SpiCmdFunc_SearchBasePosition		CODE           	171E	0000	42
		_SpiCmdFunc_FwdPulseNormal		CODE           	16D6	0000	36
		_SpiCmdFunc_RevPulseNormal		CODE           	1691	0000	35
		_SPIControl_RecieveComannd		CODE           	13A8	0000	19
		_SpiCmdFunc_Search1008Position		CODE           	1771	0000	44
		_SpiCmdFunc_FwdPulsePositionCtl		CODE           	164F	0000	34
		_SpiCmdFunc_FwdPulseWithShake		CODE           	1052	0000	2
		_SpiCmdFunc_RevPulsePositionCtl		CODE           	1670	0000	34
		_SpiCmdFunc_SearchLoadPosition		CODE           	1053	0000	2
		_SetFwdPulseWithCorrectProc		CODE           	0882	0000	65
		_SpiCmdFunc_StopDetectVrs		CODE           	1060	0000	4
		_SPIControl_ExecuteCommand		CODE           	0B88	0000	116
		_SpiCmdFunc_FwdPulseWithCorrect		CODE           	1613	0000	29
		_SpiCmdFunc_Test		CODE           	1051	0000	2
		_SPIControl_SetNotification		CODE           	15F7	0000	29
		_SpiCmdFunc_DisableExcitating		CODE           	1070	0000	6
		_SpiCmdFunc_StartDetectVrs		CODE           	105D	0000	4

spi_control.c estimated size: 509

mcc_generated_files/spi.c
		_SPI_Open      		CODE           	0910	0000	87
		_SPI_ReadByte  		CODE           	105A	0000	4
		_SPI_Initialize		CODE           	10A5	0000	11

mcc_generated_files/spi.c estimated size: 102

shared
		i1_SetOutPutLATX		CODE           	09CC	0000	110
		_offsetBasePosition		STRCODE        	184E	0000	5
		_TblM0PulseChangePosition		STRCODE        	1835	0000	26
		_TblMaxSteps   		STRCODE        	1856	0000	5
		__initialization		CODE           	001E	0000	60
		_TblM1PulseChangePosition		STRCODE        	181C	0000	26
		_spi_configuration		STRCODE        	185A	0000	5
		i1_TMR2_StopTimer		CODE           	0002	0000	3
		i1_SetExcitatingOutOffData		CODE           	14F0	0000	26
		_TblMaxSearchSteps		STRCODE        	1852	0000	5
		_SpiCmmandFunction		STRCODE        	1800	0000	29

shared estimated size: 300

mcc_generated_files/mcc.c
		_WDT_Initialize		CODE           	1067	0000	5
		_OSCILLATOR_Initialize		CODE           	107B	0000	7
		_SYSTEM_Initialize		CODE           	1407	0000	22

mcc_generated_files/mcc.c estimated size: 34

mcc_generated_files/tmr1.c
		_TMR1_Initialize		CODE           	156E	0000	27
		_TMR1_SetInterruptHandler		CODE           	1089	0000	9
		_TMR1_StopTimer		CODE           	07FE	0000	3
		_TMR1_DefaultInterruptHandler		CODE           	104F	0000	2
		_TMR1_CallBack 		CODE           	10AF	0000	12
		_TMR1_WriteTimer		CODE           	111C	0000	16
		_TMR1_ISR      		CODE           	10D0	0000	13

mcc_generated_files/tmr1.c estimated size: 82

MotorDrive.c
		_MoveTargetPosition		CODE           	13DF	0000	20
		_SetPulseOutLATxWork_M1_FWD_POL0_P1		CODE           	120C	0000	16
		_SetPulseOutLATxWork_M1_REV_POL0_P1		CODE           	122A	0000	16
		_SetPulseOutLATxWork_M1_FWD_POL1_P1		CODE           	11FD	0000	16
		_SetPulseOutLATxWork_M1_REV_POL1_P1		CODE           	121B	0000	16
		_SetAfterMotorStopFunc		CODE           	109B	0000	11
		_GetIsMotorActive		CODE           	13F2	0000	22
		_SetPulseOutLATxWork_M1_FWD_POL0_P2		CODE           	1239	0000	16
		_SetPulseOutLATxWork_M1_REV_POL0_P2		CODE           	1257	0000	16
		_SetPulseOutLATxWork_M1_FWD_POL1_P2		CODE           	1248	0000	16
		_SetPulseOutLATxWork_M1_REV_POL1_P2		CODE           	1266	0000	16
		_WatchMotorDriveFinish		CODE           	0BFB	0000	122
		_TMR2_Interrupt_SPK		CODE           	0784	0000	123
		_SetOutPutLATX 		CODE           	0A39	0000	110
		_InitPulsePositionTable		CODE           	12D3	0000	18
		_SetPulseOutLATxWork_M1_SHAKE_POL0_OFF		CODE           	132A	0000	19
		_SetPulseOutLATxWork_M1_SHAKE_POL1_OFF		CODE           	133C	0000	19
		_SetPulseOutLATxWork_M0_FWD_POL0_OFF		CODE           	141C	0000	24
		_SetPulseOutLATxWork_M0_REV_POL0_OFF		CODE           	1293	0000	17
		_SetPulseOutLATxWork_M0_FWD_POL1_OFF		CODE           	1433	0000	24
		_SetPulseOutLATxWork_M0_REV_POL1_OFF		CODE           	12A3	0000	17
		_SetMotorStop  		CODE           	1372	0000	19
		_ComparatorOn  		CODE           	15A3	0000	29
		_InitPositionSearch		CODE           	0E1A	0000	161
		_SetPulseOutLATxWork_M1_SHAKE_POL0_P0		CODE           	11EE	0000	16
		_SetPulseOutLATxWork_M1_SHAKE_POL1_P0		CODE           	11DF	0000	16
		_CalcMotorStepCounter		CODE           	05EB	0000	214
		_SetMotorStart 		CODE           	1091	0000	11
		_ComparatorOff 		CODE           	13CC	0000	20
		_SetMotorPositionSearchStart		CODE           	162F	0000	33
		_ActivateHandPosition		CODE           	1396	0000	19
		_SetMotorCorrectPositionStart		CODE           	1747	0000	43
		_SetDataTRISxWork_M0_SPK_POL0_SHORT		CODE           	1478	0000	25
		_SetDataTRISxWork_M0_SPK_POL1_SHORT		CODE           	1490	0000	25
		_SetDataTRISxWork_M1_SPK_POL0_SHORT		CODE           	14A8	0000	25
		_SetDataTRISxWork_M1_SPK_POL1_SHORT		CODE           	14C0	0000	25
		_ExcitatingOutOn		CODE           	16F9	0000	38
		_SetDataTRISxWork_M0_SPK_POL0_OPEN		CODE           	11C1	0000	16
		_SetDataTRISxWork_M0_SPK_POL1_OPEN		CODE           	11D0	0000	16
		_UpdateTargetPosition		CODE           	16B3	0000	36
		_SetDataTRISxWork_M1_SPK_POL0_OPEN		CODE           	1275	0000	16
		_SetDataTRISxWork_M1_SPK_POL1_OPEN		CODE           	1284	0000	16
		_DeactivateHandPosition		CODE           	1384	0000	19
		_SpkComparatorOff		CODE           	110F	0000	14
		_SetMotorDirection		CODE           	1509	0000	26
		_SetMotorAddShakePulse		CODE           	153B	0000	26
		_SetPulseOutLATxWork_M1_FWD_POL0_OFF		CODE           	144A	0000	24
		_SetPulseOutLATxWork_M1_REV_POL0_OFF		CODE           	12B3	0000	17
		_SetPulseOutLATxWork_M1_FWD_POL1_OFF		CODE           	1461	0000	24
		_SetPulseOutLATxWork_M1_REV_POL1_OFF		CODE           	12C3	0000	17
		_SetMotorFrequency		CODE           	0845	0000	62
		_SetMotorBitMotorNo		CODE           	12F5	0000	18
		_SetMotorStopSPK		CODE           	14D8	0000	25
		_SetDataTRISxWork_SPK_SHORT		CODE           	15BF	0000	29
		_SetMotorStepCounter		CODE           	1102	0000	14
		_UpdataHandPosition		CODE           	0EBA	0000	161
		_SetMotorEnableExcitating		CODE           	1360	0000	19
		_SpkVrsCheck   		CODE           	10F5	0000	14
		_SetPulseOutLATxWork_M0_FWD_POL0_P1		CODE           	1158	0000	16
		_SetPulseOutLATxWork_M0_REV_POL0_P1		CODE           	1176	0000	16
		_SetPulseOutLATxWork_M0_FWD_POL1_P1		CODE           	1149	0000	16
		_SetPulseOutLATxWork_M0_REV_POL1_P1		CODE           	1167	0000	16
		_SetDataTRISxWork_SPK_OPEN		CODE           	17C8	0000	57
		_CorrectPosition		CODE           	080B	0000	59
		_SetPulseOutLATxWork_M0_FWD_POL0_P2		CODE           	1185	0000	16
		_SetPulseOutLATxWork_M0_REV_POL0_P2		CODE           	11A3	0000	16
		_SetPulseOutLATxWork_M0_FWD_POL1_P2		CODE           	1194	0000	16
		_SetPulseOutLATxWork_M0_REV_POL1_P2		CODE           	11B2	0000	16
		_DetermineBasePosition		CODE           	0F5A	0000	167
		_SetMotorDisableExcitating		CODE           	134E	0000	19
		_SetExcitatingOutOffData		CODE           	15DB	0000	29
		_StartPulseOutM0		CODE           	0AA6	0000	113
		_StartPulseOutM1		CODE           	0B16	0000	115
		_SetPulseOutLATxWork_M0_SHAKE_POL0_OFF		CODE           	1306	0000	19
		_SetPulseOutLATxWork_M0_SHAKE_POL1_OFF		CODE           	1318	0000	19
		_AfterDetectedLoadPosition		CODE           	005D	0000	926
		_PriorUpdateCorrentPosition		CODE           	08C2	0000	79
		_ExcitatingOutOff		CODE           	10E8	0000	14
		_TMR2_Interrupt		CODE           	03FA	0000	498
		_SetPulseOutLATxWork_M0_SHAKE_POL0_P0		CODE           	113A	0000	16
		_VrsCheck      		CODE           	1554	0000	27
		_SetPulseOutLATxWork_M0_SHAKE_POL1_P0		CODE           	112B	0000	16
		_SpkComparatorOn		CODE           	0800	0000	12
		_SetDriveType  		CODE           	0D85	0000	150
		_SetAfterDetectLoadFunc		CODE           	10C5	0000	12
		_SaveLoadPosition		CODE           	0C74	0000	132
		_SetMotorStartSPK		CODE           	179C	0000	45
		_VerifyHandPosition_LoadPosition		CODE           	06C0	0000	197
		_UpdateCurrentPositionByFinePosition		CODE           	0CF7	0000	143

MotorDrive.c estimated size: 4994

mcc_generated_files/dac.c
		_DAC_Initialize		CODE           	1075	0000	7

mcc_generated_files/dac.c estimated size: 7

main.c
		_main          		CODE           	0966	0000	103

main.c estimated size: 103

C:\Program Files\Microchip\xc8\v2.20\pic\sources\c99\common\Umul8.c
		___bmul        		CODE           	12E4	0000	18

C:\Program Files\Microchip\xc8\v2.20\pic\sources\c99\common\Umul8.c estimated size: 18

